Archive member included to satisfy reference by file (symbol)

C:/ST/STM32CubeIDE_1.14.1/STM32CubeIDE/plugins/com.st.stm32cube.ide.mcu.externaltools.gnu-tools-for-stm32.12.3.rel1.win32_1.0.200.202406191623/tools/bin/../lib/gcc/arm-none-eabi/12.3.1/../../../../arm-none-eabi/lib/thumb/v7e-m+fp/hard\libc_nano.a(libc_a-exit.o)
                              C:/ST/STM32CubeIDE_1.14.1/STM32CubeIDE/plugins/com.st.stm32cube.ide.mcu.externaltools.gnu-tools-for-stm32.12.3.rel1.win32_1.0.200.202406191623/tools/bin/../lib/gcc/arm-none-eabi/12.3.1/../../../../arm-none-eabi/lib/thumb/v7e-m+fp/hard/crt0.o (exit)
C:/ST/STM32CubeIDE_1.14.1/STM32CubeIDE/plugins/com.st.stm32cube.ide.mcu.externaltools.gnu-tools-for-stm32.12.3.rel1.win32_1.0.200.202406191623/tools/bin/../lib/gcc/arm-none-eabi/12.3.1/../../../../arm-none-eabi/lib/thumb/v7e-m+fp/hard\libc_nano.a(libc_a-findfp.o)
                              C:/ST/STM32CubeIDE_1.14.1/STM32CubeIDE/plugins/com.st.stm32cube.ide.mcu.externaltools.gnu-tools-for-stm32.12.3.rel1.win32_1.0.200.202406191623/tools/bin/../lib/gcc/arm-none-eabi/12.3.1/../../../../arm-none-eabi/lib/thumb/v7e-m+fp/hard\libc_nano.a(libc_a-exit.o) (__stdio_exit_handler)
C:/ST/STM32CubeIDE_1.14.1/STM32CubeIDE/plugins/com.st.stm32cube.ide.mcu.externaltools.gnu-tools-for-stm32.12.3.rel1.win32_1.0.200.202406191623/tools/bin/../lib/gcc/arm-none-eabi/12.3.1/../../../../arm-none-eabi/lib/thumb/v7e-m+fp/hard\libc_nano.a(libc_a-fwalk.o)
                              C:/ST/STM32CubeIDE_1.14.1/STM32CubeIDE/plugins/com.st.stm32cube.ide.mcu.externaltools.gnu-tools-for-stm32.12.3.rel1.win32_1.0.200.202406191623/tools/bin/../lib/gcc/arm-none-eabi/12.3.1/../../../../arm-none-eabi/lib/thumb/v7e-m+fp/hard\libc_nano.a(libc_a-findfp.o) (_fwalk_sglue)
C:/ST/STM32CubeIDE_1.14.1/STM32CubeIDE/plugins/com.st.stm32cube.ide.mcu.externaltools.gnu-tools-for-stm32.12.3.rel1.win32_1.0.200.202406191623/tools/bin/../lib/gcc/arm-none-eabi/12.3.1/../../../../arm-none-eabi/lib/thumb/v7e-m+fp/hard\libc_nano.a(libc_a-sprintf.o)
                              ./Core/Src/main.o (sprintf)
C:/ST/STM32CubeIDE_1.14.1/STM32CubeIDE/plugins/com.st.stm32cube.ide.mcu.externaltools.gnu-tools-for-stm32.12.3.rel1.win32_1.0.200.202406191623/tools/bin/../lib/gcc/arm-none-eabi/12.3.1/../../../../arm-none-eabi/lib/thumb/v7e-m+fp/hard\libc_nano.a(libc_a-stdio.o)
                              C:/ST/STM32CubeIDE_1.14.1/STM32CubeIDE/plugins/com.st.stm32cube.ide.mcu.externaltools.gnu-tools-for-stm32.12.3.rel1.win32_1.0.200.202406191623/tools/bin/../lib/gcc/arm-none-eabi/12.3.1/../../../../arm-none-eabi/lib/thumb/v7e-m+fp/hard\libc_nano.a(libc_a-findfp.o) (__sread)
C:/ST/STM32CubeIDE_1.14.1/STM32CubeIDE/plugins/com.st.stm32cube.ide.mcu.externaltools.gnu-tools-for-stm32.12.3.rel1.win32_1.0.200.202406191623/tools/bin/../lib/gcc/arm-none-eabi/12.3.1/../../../../arm-none-eabi/lib/thumb/v7e-m+fp/hard\libc_nano.a(libc_a-memset.o)
                              C:/ST/STM32CubeIDE_1.14.1/STM32CubeIDE/plugins/com.st.stm32cube.ide.mcu.externaltools.gnu-tools-for-stm32.12.3.rel1.win32_1.0.200.202406191623/tools/bin/../lib/gcc/arm-none-eabi/12.3.1/../../../../arm-none-eabi/lib/thumb/v7e-m+fp/hard/crt0.o (memset)
C:/ST/STM32CubeIDE_1.14.1/STM32CubeIDE/plugins/com.st.stm32cube.ide.mcu.externaltools.gnu-tools-for-stm32.12.3.rel1.win32_1.0.200.202406191623/tools/bin/../lib/gcc/arm-none-eabi/12.3.1/../../../../arm-none-eabi/lib/thumb/v7e-m+fp/hard\libc_nano.a(libc_a-closer.o)
                              C:/ST/STM32CubeIDE_1.14.1/STM32CubeIDE/plugins/com.st.stm32cube.ide.mcu.externaltools.gnu-tools-for-stm32.12.3.rel1.win32_1.0.200.202406191623/tools/bin/../lib/gcc/arm-none-eabi/12.3.1/../../../../arm-none-eabi/lib/thumb/v7e-m+fp/hard\libc_nano.a(libc_a-stdio.o) (_close_r)
C:/ST/STM32CubeIDE_1.14.1/STM32CubeIDE/plugins/com.st.stm32cube.ide.mcu.externaltools.gnu-tools-for-stm32.12.3.rel1.win32_1.0.200.202406191623/tools/bin/../lib/gcc/arm-none-eabi/12.3.1/../../../../arm-none-eabi/lib/thumb/v7e-m+fp/hard\libc_nano.a(libc_a-reent.o)
                              C:/ST/STM32CubeIDE_1.14.1/STM32CubeIDE/plugins/com.st.stm32cube.ide.mcu.externaltools.gnu-tools-for-stm32.12.3.rel1.win32_1.0.200.202406191623/tools/bin/../lib/gcc/arm-none-eabi/12.3.1/../../../../arm-none-eabi/lib/thumb/v7e-m+fp/hard\libc_nano.a(libc_a-closer.o) (errno)
C:/ST/STM32CubeIDE_1.14.1/STM32CubeIDE/plugins/com.st.stm32cube.ide.mcu.externaltools.gnu-tools-for-stm32.12.3.rel1.win32_1.0.200.202406191623/tools/bin/../lib/gcc/arm-none-eabi/12.3.1/../../../../arm-none-eabi/lib/thumb/v7e-m+fp/hard\libc_nano.a(libc_a-impure.o)
                              C:/ST/STM32CubeIDE_1.14.1/STM32CubeIDE/plugins/com.st.stm32cube.ide.mcu.externaltools.gnu-tools-for-stm32.12.3.rel1.win32_1.0.200.202406191623/tools/bin/../lib/gcc/arm-none-eabi/12.3.1/../../../../arm-none-eabi/lib/thumb/v7e-m+fp/hard\libc_nano.a(libc_a-sprintf.o) (_impure_ptr)
[...]
Memory Configuration

Name             Origin             Length             Attributes
RAM              0x20000000         0x00050000         xrw
FLASH            0x08000000         0x00100000         xr
*default*        0x00000000         0xffffffff

Linker script and memory map

LOAD C:/ST/STM32CubeIDE_1.14.1/STM32CubeIDE/plugins/com.st.stm32cube.ide.mcu.externaltools.gnu-tools-for-stm32.12.3.rel1.win32_1.0.200.202406191623/tools/bin/../lib/gcc/arm-none-eabi/12.3.1/thumb/v7e-m+fp/hard/crti.o
LOAD C:/ST/STM32CubeIDE_1.14.1/STM32CubeIDE/plugins/com.st.stm32cube.ide.mcu.externaltools.gnu-tools-for-stm32.12.3.rel1.win32_1.0.200.202406191623/tools/bin/../lib/gcc/arm-none-eabi/12.3.1/thumb/v7e-m+fp/hard/crtbegin.o
LOAD C:/ST/STM32CubeIDE_1.14.1/STM32CubeIDE/plugins/com.st.stm32cube.ide.mcu.externaltools.gnu-tools-for-stm32.12.3.rel1.win32_1.0.200.202406191623/tools/bin/../lib/gcc/arm-none-eabi/12.3.1/../../../../arm-none-eabi/lib/thumb/v7e-m+fp/hard/crt0.o
LOAD ./Core/Src/dma2d.o
LOAD ./Core/Src/fmc.o
LOAD ./Core/Src/gpio.o
LOAD ./Core/Src/i2c.o
LOAD ./Core/Src/ltdc.o
LOAD ./Core/Src/main.o
LOAD ./Core/Src/rtc.o
LOAD ./Core/Src/stm32f7xx_hal_msp.o
LOAD ./Core/Src/stm32f7xx_it.o
LOAD ./Core/Src/syscalls.o
LOAD ./Core/Src/sysmem.o
LOAD ./Core/Src/system_stm32f7xx.o
LOAD ./Core/Src/tim.o
LOAD ./Core/Src/usart.o
LOAD ./Core/Startup/startup_stm32f746nghx.o
LOAD ./Drivers/BSP/Components/adv7533/adv7533.o
LOAD ./Drivers/BSP/Components/dp83848/dp83848.o
LOAD ./Drivers/BSP/Components/exc7200/exc7200.o
LOAD ./Drivers/BSP/Components/ft3x67/ft3x67.o
LOAD ./Drivers/BSP/Components/ft5336/ft5336.o
LOAD ./Drivers/BSP/Components/ft6x06/ft6x06.o
LOAD ./Drivers/BSP/Components/lan8742/lan8742.o
LOAD ./Drivers/BSP/Components/mfxstm32l152/mfxstm32l152.o
LOAD ./Drivers/BSP/Components/nt35510/nt35510.o
LOAD ./Drivers/BSP/Components/otm8009a/otm8009a.o
LOAD ./Drivers/BSP/Components/ov5640/ov5640.o
LOAD ./Drivers/BSP/Components/ov9655/ov9655.o
LOAD ./Drivers/BSP/Components/s5k5cag/s5k5cag.o
LOAD ./Drivers/BSP/Components/st7735/st7735.o
LOAD ./Drivers/BSP/Components/st7789h2/st7789h2.o
LOAD ./Drivers/BSP/Components/stmpe811/stmpe811.o
LOAD ./Drivers/BSP/Components/ts3510/ts3510.o
LOAD ./Drivers/BSP/Components/wm8994/wm8994.o
LOAD ./Drivers/BSP/STM32746G-Discovery/stm32746g_discovery.o
LOAD ./Drivers/BSP/STM32746G-Discovery/stm32746g_discovery_lcd.o
LOAD ./Drivers/BSP/STM32746G-Discovery/stm32746g_discovery_sdram.o
LOAD ./Drivers/BSP/STM32746G-Discovery/stm32746g_discovery_ts.o
LOAD ./Drivers/STM32F7xx_HAL_Driver/Src/stm32f7xx_hal.o
LOAD ./Drivers/STM32F7xx_HAL_Driver/Src/stm32f7xx_hal_cortex.o
LOAD ./Drivers/STM32F7xx_HAL_Driver/Src/stm32f7xx_hal_dma.o
LOAD ./Drivers/STM32F7xx_HAL_Driver/Src/stm32f7xx_hal_dma2d.o
LOAD ./Drivers/STM32F7xx_HAL_Driver/Src/stm32f7xx_hal_dma_ex.o
LOAD ./Drivers/STM32F7xx_HAL_Driver/Src/stm32f7xx_hal_dsi.o
LOAD ./Drivers/STM32F7xx_HAL_Driver/Src/stm32f7xx_hal_exti.o
LOAD ./Drivers/STM32F7xx_HAL_Driver/Src/stm32f7xx_hal_flash.o
LOAD ./Drivers/STM32F7xx_HAL_Driver/Src/stm32f7xx_hal_flash_ex.o
LOAD ./Drivers/STM32F7xx_HAL_Driver/Src/stm32f7xx_hal_gpio.o
LOAD ./Drivers/STM32F7xx_HAL_Driver/Src/stm32f7xx_hal_i2c.o
LOAD ./Drivers/STM32F7xx_HAL_Driver/Src/stm32f7xx_hal_i2c_ex.o
LOAD ./Drivers/STM32F7xx_HAL_Driver/Src/stm32f7xx_hal_ltdc.o
LOAD ./Drivers/STM32F7xx_HAL_Driver/Src/stm32f7xx_hal_ltdc_ex.o
LOAD ./Drivers/STM32F7xx_HAL_Driver/Src/stm32f7xx_hal_pwr.o
LOAD ./Drivers/STM32F7xx_HAL_Driver/Src/stm32f7xx_hal_pwr_ex.o
LOAD ./Drivers/STM32F7xx_HAL_Driver/Src/stm32f7xx_hal_rcc.o
LOAD ./Drivers/STM32F7xx_HAL_Driver/Src/stm32f7xx_hal_rcc_ex.o
LOAD ./Drivers/STM32F7xx_HAL_Driver/Src/stm32f7xx_hal_rtc.o
LOAD ./Drivers/STM32F7xx_HAL_Driver/Src/stm32f7xx_hal_rtc_ex.o
LOAD ./Drivers/STM32F7xx_HAL_Driver/Src/stm32f7xx_hal_sdram.o
LOAD ./Drivers/STM32F7xx_HAL_Driver/Src/stm32f7xx_hal_tim.o
LOAD ./Drivers/STM32F7xx_HAL_Driver/Src/stm32f7xx_hal_tim_ex.o
LOAD ./Drivers/STM32F7xx_HAL_Driver/Src/stm32f7xx_hal_uart.o
LOAD ./Drivers/STM32F7xx_HAL_Driver/Src/stm32f7xx_hal_uart_ex.o
LOAD ./Drivers/STM32F7xx_HAL_Driver/Src/stm32f7xx_ll_fmc.o
START GROUP
LOAD C:/ST/STM32CubeIDE_1.14.1/STM32CubeIDE/plugins/com.st.stm32cube.ide.mcu.externaltools.gnu-tools-for-stm32.12.3.rel1.win32_1.0.200.202406191623/tools/bin/../lib/gcc/arm-none-eabi/12.3.1/../../../../arm-none-eabi/lib/thumb/v7e-m+fp/hard\libc_nano.a
LOAD C:/ST/STM32CubeIDE_1.14.1/STM32CubeIDE/plugins/com.st.stm32cube.ide.mcu.externaltools.gnu-tools-for-stm32.12.3.rel1.win32_1.0.200.202406191623/tools/bin/../lib/gcc/arm-none-eabi/12.3.1/../../../../arm-none-eabi/lib/thumb/v7e-m+fp/hard\libm.a
END GROUP
START GROUP
LOAD C:/ST/STM32CubeIDE_1.14.1/STM32CubeIDE/plugins/com.st.stm32cube.ide.mcu.externaltools.gnu-tools-for-stm32.12.3.rel1.win32_1.0.200.202406191623/tools/bin/../lib/gcc/arm-none-eabi/12.3.1/thumb/v7e-m+fp/hard\libgcc.a
LOAD C:/ST/STM32CubeIDE_1.14.1/STM32CubeIDE/plugins/com.st.stm32cube.ide.mcu.externaltools.gnu-tools-for-stm32.12.3.rel1.win32_1.0.200.202406191623/tools/bin/../lib/gcc/arm-none-eabi/12.3.1/../../../../arm-none-eabi/lib/thumb/v7e-m+fp/hard\libc_nano.a
END GROUP
START GROUP
LOAD C:/ST/STM32CubeIDE_1.14.1/STM32CubeIDE/plugins/com.st.stm32cube.ide.mcu.externaltools.gnu-tools-for-stm32.12.3.rel1.win32_1.0.200.202406191623/tools/bin/../lib/gcc/arm-none-eabi/12.3.1/thumb/v7e-m+fp/hard\libgcc.a
LOAD C:/ST/STM32CubeIDE_1.14.1/STM32CubeIDE/plugins/com.st.stm32cube.ide.mcu.externaltools.gnu-tools-for-stm32.12.3.rel1.win32_1.0.200.202406191623/tools/bin/../lib/gcc/arm-none-eabi/12.3.1/../../../../arm-none-eabi/lib/thumb/v7e-m+fp/hard\libc_nano.a
LOAD C:/ST/STM32CubeIDE_1.14.1/STM32CubeIDE/plugins/com.st.stm32cube.ide.mcu.externaltools.gnu-tools-for-stm32.12.3.rel1.win32_1.0.200.202406191623/tools/bin/../lib/gcc/arm-none-eabi/12.3.1/../../../../arm-none-eabi/lib/thumb/v7e-m+fp/hard\libnosys.a
END GROUP
START GROUP
LOAD C:/ST/STM32CubeIDE_1.14.1/STM32CubeIDE/plugins/com.st.stm32cube.ide.mcu.externaltools.gnu-tools-for-stm32.12.3.rel1.win32_1.0.200.202406191623/tools/bin/../lib/gcc/arm-none-eabi/12.3.1/thumb/v7e-m+fp/hard\libgcc.a
LOAD C:/ST/STM32CubeIDE_1.14.1/STM32CubeIDE/plugins/com.st.stm32cube.ide.mcu.externaltools.gnu-tools-for-stm32.12.3.rel1.win32_1.0.200.202406191623/tools/bin/../lib/gcc/arm-none-eabi/12.3.1/../../../../arm-none-eabi/lib/thumb/v7e-m+fp/hard\libc_nano.a
LOAD C:/ST/STM32CubeIDE_1.14.1/STM32CubeIDE/plugins/com.st.stm32cube.ide.mcu.externaltools.gnu-tools-for-stm32.12.3.rel1.win32_1.0.200.202406191623/tools/bin/../lib/gcc/arm-none-eabi/12.3.1/../../../../arm-none-eabi/lib/thumb/v7e-m+fp/hard\libnosys.a
END GROUP
LOAD C:/ST/STM32CubeIDE_1.14.1/STM32CubeIDE/plugins/com.st.stm32cube.ide.mcu.externaltools.gnu-tools-for-stm32.12.3.rel1.win32_1.0.200.202406191623/tools/bin/../lib/gcc/arm-none-eabi/12.3.1/thumb/v7e-m+fp/hard/crtend.o
LOAD C:/ST/STM32CubeIDE_1.14.1/STM32CubeIDE/plugins/com.st.stm32cube.ide.mcu.externaltools.gnu-tools-for-stm32.12.3.rel1.win32_1.0.200.202406191623/tools/bin/../lib/gcc/arm-none-eabi/12.3.1/thumb/v7e-m+fp/hard/crtn.o
                0x20050000                        _estack = (ORIGIN (RAM) + LENGTH (RAM))
                0x00000400                        _Min_Heap_Size = 0x400
                0x00000800                        _Min_Stack_Size = 0x800

.isr_vector     0x08000000      0x1c8
                0x08000000                        . = ALIGN (0x4)
 *(.isr_vector)
 .isr_vector    0x08000000      0x1c8 ./Core/Startup/startup_stm32f746nghx.o
                0x08000000                g_pfnVectors
                0x080001c8                        . = ALIGN (0x4)

.text           0x080001d0     0xa300
                0x080001d0                        . = ALIGN (0x4)
 *(.text)
 .text          0x080001d0       0x40 C:/ST/STM32CubeIDE_1.14.1/STM32CubeIDE/plugins/com.st.stm32cube.ide.mcu.externaltools.gnu-tools-for-stm32.12.3.rel1.win32_1.0.200.202406191623/tools/bin/../lib/gcc/arm-none-eabi/12.3.1/thumb/v7e-m+fp/hard/crtbegin.o
 .text          0x08000210       0xa0 C:/ST/STM32CubeIDE_1.14.1/STM32CubeIDE/plugins/com.st.stm32cube.ide.mcu.externaltools.gnu-tools-for-stm32.12.3.rel1.win32_1.0.200.202406191623/tools/bin/../lib/gcc/arm-none-eabi/12.3.1/../../../../arm-none-eabi/lib/thumb/v7e-m+fp/hard\libc_nano.a(libc_a-memchr.o)
                0x08000210                memchr
 .text          0x080002b0       0x30 C:/ST/STM32CubeIDE_1.14.1/STM32CubeIDE/plugins/com.st.stm32cube.ide.mcu.externaltools.gnu-tools-for-stm32.12.3.rel1.win32_1.0.200.202406191623/tools/bin/../lib/gcc/arm-none-eabi/12.3.1/thumb/v7e-m+fp/hard\libgcc.a(_aeabi_uldivmod.o)
                0x080002b0                __aeabi_uldivmod
 .text          0x080002e0      0x2bc C:/ST/STM32CubeIDE_1.14.1/STM32CubeIDE/plugins/com.st.stm32cube.ide.mcu.externaltools.gnu-tools-for-stm32.12.3.rel1.win32_1.0.200.202406191623/tools/bin/../lib/gcc/arm-none-eabi/12.3.1/thumb/v7e-m+fp/hard\libgcc.a(_udivmoddi4.o)
                0x080002e0                __udivmoddi4
 .text          0x0800059c        0x4 C:/ST/STM32CubeIDE_1.14.1/STM32CubeIDE/plugins/com.st.stm32cube.ide.mcu.externaltools.gnu-tools-for-stm32.12.3.rel1.win32_1.0.200.202406191623/tools/bin/../lib/gcc/arm-none-eabi/12.3.1/thumb/v7e-m+fp/hard\libgcc.a(_dvmd_tls.o)
                0x0800059c                __aeabi_idiv0
                0x0800059c                __aeabi_ldiv0
 *(.text*)
 .text.MX_DMA2D_Init
                0x080005a0       0x64 ./Core/Src/dma2d.o
                0x080005a0                MX_DMA2D_Init
 .text.HAL_DMA2D_MspInit
                0x08000604       0x40 ./Core/Src/dma2d.o
                0x08000604                HAL_DMA2D_MspInit
 .text.MX_FMC_Init
                0x08000644       0x9c ./Core/Src/fmc.o
                0x08000644                MX_FMC_Init
 .text.HAL_FMC_MspInit
                0x080006e0      0x100 ./Core/Src/fmc.o
 .text.HAL_SDRAM_MspInit
                0x080007e0       0x14 ./Core/Src/fmc.o
                0x080007e0                HAL_SDRAM_MspInit
 .text.MX_GPIO_Init
                0x080007f4      0x270 ./Core/Src/gpio.o
                0x080007f4                MX_GPIO_Init
 .text.MX_I2C3_Init
                0x08000a64       0x80 ./Core/Src/i2c.o
                0x08000a64                MX_I2C3_Init
 .text.HAL_I2C_MspInit
                0x08000ae4       0xc0 ./Core/Src/i2c.o
                0x08000ae4                HAL_I2C_MspInit
 .text.HAL_I2C_MspDeInit
                0x08000ba4       0x44 ./Core/Src/i2c.o
                0x08000ba4                HAL_I2C_MspDeInit
 .text.MX_LTDC_Init
                0x08000be8      0x104 ./Core/Src/ltdc.o
                0x08000be8                MX_LTDC_Init
 .text.HAL_LTDC_MspInit
                0x08000cec      0x2ac ./Core/Src/ltdc.o
                0x08000cec                HAL_LTDC_MspInit
 .text.getRTCDateStr
                0x08000f98       0x50 ./Core/Src/main.o
                0x08000f98                getRTCDateStr
 .text.getRTCTimeStr
                0x08000fe8       0x48 ./Core/Src/main.o
                0x08000fe8                getRTCTimeStr
 .text.drawMenuPage
                0x08001030      0x164 ./Core/Src/main.o
                0x08001030                drawMenuPage
 .text.drawCreditsPage
                0x08001194       0xc0 ./Core/Src/main.o
                0x08001194                drawCreditsPage
 .text.drawTempHumidRainPage
                0x08001254      0x1fc ./Core/Src/main.o
                0x08001254                drawTempHumidRainPage
 .text.drawWindDirPressurePage
                0x08001450      0x1fc ./Core/Src/main.o
                0x08001450                drawWindDirPressurePage
 .text.drawSettingsPage
                0x0800164c      0x294 ./Core/Src/main.o
                0x0800164c                drawSettingsPage
 .text.drawGraphPage
                0x080018e0       0xc8 ./Core/Src/main.o
                0x080018e0                drawGraphPage
 .text.main     0x080019a8      0x9e4 ./Core/Src/main.o
                0x080019a8                main
 .text.SystemClock_Config
                0x0800238c       0xe4 ./Core/Src/main.o
                0x0800238c                SystemClock_Config
 .text.TouchTimer_Init
                0x08002470       0x44 ./Core/Src/main.o
                0x08002470                TouchTimer_Init
 .text.PollTouchScreen
                0x080024b4       0x64 ./Core/Src/main.o
                0x080024b4                PollTouchScreen
 .text.HAL_TIM_PeriodElapsedCallback
                0x08002518       0x24 ./Core/Src/main.o
                0x08002518                HAL_TIM_PeriodElapsedCallback
 .text.Error_Handler
                0x0800253c        0xc ./Core/Src/main.o
                0x0800253c                Error_Handler
 .text.MX_RTC_Init
                0x08002548       0xc8 ./Core/Src/rtc.o
                0x08002548                MX_RTC_Init
 .text.HAL_RTC_MspInit
                0x08002610       0x6c ./Core/Src/rtc.o
                0x08002610                HAL_RTC_MspInit
 .text.HAL_MspInit
                0x0800267c       0x48 ./Core/Src/stm32f7xx_hal_msp.o
                0x0800267c                HAL_MspInit
 .text.NMI_Handler
                0x080026c4        0x8 ./Core/Src/stm32f7xx_it.o
                0x080026c4                NMI_Handler
 .text.HardFault_Handler
                0x080026cc        0x8 ./Core/Src/stm32f7xx_it.o
                0x080026cc                HardFault_Handler
 .text.MemManage_Handler
                0x080026d4        0x8 ./Core/Src/stm32f7xx_it.o
                0x080026d4                MemManage_Handler
 .text.BusFault_Handler
                0x080026dc        0x8 ./Core/Src/stm32f7xx_it.o
                0x080026dc                BusFault_Handler
 .text.UsageFault_Handler
                0x080026e4        0x8 ./Core/Src/stm32f7xx_it.o
                0x080026e4                UsageFault_Handler
 .text.SVC_Handler
                0x080026ec        0xe ./Core/Src/stm32f7xx_it.o
                0x080026ec                SVC_Handler
 .text.DebugMon_Handler
                0x080026fa        0xe ./Core/Src/stm32f7xx_it.o
                0x080026fa                DebugMon_Handler
 .text.PendSV_Handler
                0x08002708        0xe ./Core/Src/stm32f7xx_it.o
                0x08002708                PendSV_Handler
 .text.SysTick_Handler
                0x08002716        0xc ./Core/Src/stm32f7xx_it.o
                0x08002716                SysTick_Handler
 *fill*         0x08002722        0x2 
 .text.RTC_WKUP_IRQHandler
                0x08002724       0x14 ./Core/Src/stm32f7xx_it.o
                0x08002724                RTC_WKUP_IRQHandler
 .text.TIM3_IRQHandler
                0x08002738       0x14 ./Core/Src/stm32f7xx_it.o
                0x08002738                TIM3_IRQHandler
 .text._sbrk    0x0800274c       0x6c ./Core/Src/sysmem.o
                0x0800274c                _sbrk
 .text.SystemInit
                0x080027b8       0x24 ./Core/Src/system_stm32f7xx.o
                0x080027b8                SystemInit
 .text.MX_TIM3_Init
                0x080027dc       0xa0 ./Core/Src/tim.o
                0x080027dc                MX_TIM3_Init
 .text.HAL_TIM_Base_MspInit
                0x0800287c       0x4c ./Core/Src/tim.o
                0x0800287c                HAL_TIM_Base_MspInit
 .text.MX_USART1_UART_Init
                0x080028c8       0x60 ./Core/Src/usart.o
                0x080028c8                MX_USART1_UART_Init
 .text.HAL_UART_MspInit
                0x08002928      0x104 ./Core/Src/usart.o
                0x08002928                HAL_UART_MspInit
 .text.Reset_Handler
                0x08002a2c       0x50 ./Core/Startup/startup_stm32f746nghx.o
                0x08002a2c                Reset_Handler
 .text.Default_Handler
                0x08002a7c        0x2 ./Core/Startup/startup_stm32f746nghx.o
                0x08002a7c                RTC_Alarm_IRQHandler
                0x08002a7c                EXTI2_IRQHandler
                0x08002a7c                TIM8_CC_IRQHandler
                0x08002a7c                UART8_IRQHandler
                0x08002a7c                SPI4_IRQHandler
                0x08002a7c                TIM1_CC_IRQHandler
                0x08002a7c                DMA2_Stream5_IRQHandler
                0x08002a7c                DMA1_Stream5_IRQHandler
                0x08002a7c                PVD_IRQHandler
                0x08002a7c                TAMP_STAMP_IRQHandler
                0x08002a7c                CAN2_RX1_IRQHandler
                0x08002a7c                EXTI3_IRQHandler
                0x08002a7c                TIM8_TRG_COM_TIM14_IRQHandler
                0x08002a7c                TIM1_UP_TIM10_IRQHandler
                0x08002a7c                TIM8_UP_TIM13_IRQHandler
                0x08002a7c                I2C3_ER_IRQHandler
                0x08002a7c                EXTI0_IRQHandler
                0x08002a7c                I2C2_EV_IRQHandler
                0x08002a7c                DMA1_Stream2_IRQHandler
                0x08002a7c                CAN1_RX0_IRQHandler
                0x08002a7c                FPU_IRQHandler
                0x08002a7c                OTG_HS_WKUP_IRQHandler
                0x08002a7c                LTDC_ER_IRQHandler
                0x08002a7c                CAN2_SCE_IRQHandler
                0x08002a7c                DMA2_Stream2_IRQHandler
                0x08002a7c                SPI1_IRQHandler
                0x08002a7c                TIM6_DAC_IRQHandler
                0x08002a7c                TIM1_BRK_TIM9_IRQHandler
                0x08002a7c                DCMI_IRQHandler
                0x08002a7c                CAN2_RX0_IRQHandler
                0x08002a7c                DMA2_Stream3_IRQHandler
                0x08002a7c                SAI2_IRQHandler
                0x08002a7c                USART6_IRQHandler
                0x08002a7c                USART3_IRQHandler
                0x08002a7c                CAN1_RX1_IRQHandler
                0x08002a7c                UART5_IRQHandler
                0x08002a7c                DMA2_Stream0_IRQHandler
                0x08002a7c                TIM4_IRQHandler
                0x08002a7c                QUADSPI_IRQHandler
                0x08002a7c                I2C1_EV_IRQHandler
                0x08002a7c                DMA1_Stream6_IRQHandler
                0x08002a7c                DMA1_Stream1_IRQHandler
                0x08002a7c                UART4_IRQHandler
                0x08002a7c                RCC_IRQHandler
                0x08002a7c                TIM8_BRK_TIM12_IRQHandler
                0x08002a7c                Default_Handler
                0x08002a7c                CEC_IRQHandler
                0x08002a7c                EXTI15_10_IRQHandler
                0x08002a7c                ADC_IRQHandler
                0x08002a7c                DMA1_Stream7_IRQHandler
                0x08002a7c                SPI5_IRQHandler
                0x08002a7c                TIM7_IRQHandler
                0x08002a7c                SDMMC1_IRQHandler
                0x08002a7c                CAN2_TX_IRQHandler
                0x08002a7c                TIM5_IRQHandler
                0x08002a7c                DMA2_Stream7_IRQHandler
                0x08002a7c                I2C3_EV_IRQHandler
                0x08002a7c                EXTI9_5_IRQHandler
                0x08002a7c                LTDC_IRQHandler
                0x08002a7c                ETH_WKUP_IRQHandler
                0x08002a7c                SPDIF_RX_IRQHandler
                0x08002a7c                SPI2_IRQHandler
                0x08002a7c                OTG_HS_EP1_IN_IRQHandler
                0x08002a7c                DMA1_Stream0_IRQHandler
                0x08002a7c                CAN1_TX_IRQHandler
                0x08002a7c                EXTI4_IRQHandler
                0x08002a7c                RNG_IRQHandler
                0x08002a7c                ETH_IRQHandler
                0x08002a7c                OTG_HS_EP1_OUT_IRQHandler
                0x08002a7c                WWDG_IRQHandler
                0x08002a7c                SPI6_IRQHandler
                0x08002a7c                I2C4_EV_IRQHandler
                0x08002a7c                TIM2_IRQHandler
                0x08002a7c                OTG_FS_WKUP_IRQHandler
                0x08002a7c                TIM1_TRG_COM_TIM11_IRQHandler
                0x08002a7c                OTG_HS_IRQHandler
                0x08002a7c                DMA2D_IRQHandler
                0x08002a7c                EXTI1_IRQHandler
                0x08002a7c                UART7_IRQHandler
                0x08002a7c                USART2_IRQHandler
                0x08002a7c                I2C2_ER_IRQHandler
                0x08002a7c                DMA2_Stream1_IRQHandler
                0x08002a7c                CAN1_SCE_IRQHandler
                0x08002a7c                FLASH_IRQHandler
                0x08002a7c                DMA2_Stream4_IRQHandler
                0x08002a7c                USART1_IRQHandler
                0x08002a7c                OTG_FS_IRQHandler
                0x08002a7c                SPI3_IRQHandler
                0x08002a7c                DMA1_Stream4_IRQHandler
                0x08002a7c                I2C1_ER_IRQHandler
                0x08002a7c                FMC_IRQHandler
                0x08002a7c                LPTIM1_IRQHandler
                0x08002a7c                I2C4_ER_IRQHandler
                0x08002a7c                DMA2_Stream6_IRQHandler
                0x08002a7c                SAI1_IRQHandler
                0x08002a7c                DMA1_Stream3_IRQHandler
 .text.ft5336_Init
                0x08002a7e       0x1c ./Drivers/BSP/Components/ft5336/ft5336.o
                0x08002a7e                ft5336_Init
 .text.ft5336_Reset
                0x08002a9a       0x16 ./Drivers/BSP/Components/ft5336/ft5336.o
                0x08002a9a                ft5336_Reset
 .text.ft5336_ReadID
                0x08002ab0       0x5a ./Drivers/BSP/Components/ft5336/ft5336.o
                0x08002ab0                ft5336_ReadID
 .text.ft5336_TS_Start
                0x08002b0a       0x22 ./Drivers/BSP/Components/ft5336/ft5336.o
                0x08002b0a                ft5336_TS_Start
 .text.ft5336_TS_DetectTouch
                0x08002b2c       0x54 ./Drivers/BSP/Components/ft5336/ft5336.o
                0x08002b2c                ft5336_TS_DetectTouch
 .text.ft5336_TS_GetXY
                0x08002b80      0x1e0 ./Drivers/BSP/Components/ft5336/ft5336.o
                0x08002b80                ft5336_TS_GetXY
 .text.ft5336_TS_EnableIT
                0x08002d60       0x28 ./Drivers/BSP/Components/ft5336/ft5336.o
                0x08002d60                ft5336_TS_EnableIT
 .text.ft5336_TS_DisableIT
                0x08002d88       0x28 ./Drivers/BSP/Components/ft5336/ft5336.o
                0x08002d88                ft5336_TS_DisableIT
 .text.ft5336_TS_ITStatus
                0x08002db0       0x18 ./Drivers/BSP/Components/ft5336/ft5336.o
                0x08002db0                ft5336_TS_ITStatus
 .text.ft5336_TS_ClearIT
                0x08002dc8       0x16 ./Drivers/BSP/Components/ft5336/ft5336.o
                0x08002dc8                ft5336_TS_ClearIT
 .text.ft5336_TS_GetGestureID
                0x08002dde       0x32 ./Drivers/BSP/Components/ft5336/ft5336.o
                0x08002dde                ft5336_TS_GetGestureID
 .text.ft5336_TS_GetTouchInfo
                0x08002e10      0x15c ./Drivers/BSP/Components/ft5336/ft5336.o
                0x08002e10                ft5336_TS_GetTouchInfo
 .text.ft5336_Get_I2C_InitializedStatus
                0x08002f6c       0x18 ./Drivers/BSP/Components/ft5336/ft5336.o
 .text.ft5336_I2C_InitializeIfRequired
                0x08002f84       0x20 ./Drivers/BSP/Components/ft5336/ft5336.o
 .text.ft5336_TS_Configure
                0x08002fa4       0x1c ./Drivers/BSP/Components/ft5336/ft5336.o
 .text.I2Cx_MspInit
                0x08002fc0      0x160 ./Drivers/BSP/STM32746G-Discovery/stm32746g_discovery.o
 .text.I2Cx_Init
                0x08003120       0x78 ./Drivers/BSP/STM32746G-Discovery/stm32746g_discovery.o
 .text.I2Cx_ReadMultiple
                0x08003198       0x5a ./Drivers/BSP/STM32746G-Discovery/stm32746g_discovery.o
 .text.I2Cx_WriteMultiple
                0x080031f2       0x5a ./Drivers/BSP/STM32746G-Discovery/stm32746g_discovery.o
 .text.I2Cx_Error
                0x0800324c       0x20 ./Drivers/BSP/STM32746G-Discovery/stm32746g_discovery.o
 .text.TS_IO_Init
                0x0800326c       0x14 ./Drivers/BSP/STM32746G-Discovery/stm32746g_discovery.o
                0x0800326c                TS_IO_Init
 .text.TS_IO_Write
                0x08003280       0x34 ./Drivers/BSP/STM32746G-Discovery/stm32746g_discovery.o
                0x08003280                TS_IO_Write
 .text.TS_IO_Read
                0x080032b4       0x3c ./Drivers/BSP/STM32746G-Discovery/stm32746g_discovery.o
                0x080032b4                TS_IO_Read
 .text.TS_IO_Delay
                0x080032f0       0x16 ./Drivers/BSP/STM32746G-Discovery/stm32746g_discovery.o
                0x080032f0                TS_IO_Delay
 *fill*         0x08003306        0x2 
 .text.BSP_LCD_Init
                0x08003308       0xe0 ./Drivers/BSP/STM32746G-Discovery/stm32746g_discovery_lcd.o
                0x08003308                BSP_LCD_Init
 .text.BSP_LCD_GetXSize
                0x080033e8       0x28 ./Drivers/BSP/STM32746G-Discovery/stm32746g_discovery_lcd.o
                0x080033e8                BSP_LCD_GetXSize
 .text.BSP_LCD_GetYSize
                0x08003410       0x28 ./Drivers/BSP/STM32746G-Discovery/stm32746g_discovery_lcd.o
                0x08003410                BSP_LCD_GetYSize
 .text.BSP_LCD_LayerDefaultInit
                0x08003438       0xc0 ./Drivers/BSP/STM32746G-Discovery/stm32746g_discovery_lcd.o
                0x08003438                BSP_LCD_LayerDefaultInit
 .text.BSP_LCD_SelectLayer
                0x080034f8       0x20 ./Drivers/BSP/STM32746G-Discovery/stm32746g_discovery_lcd.o
                0x080034f8                BSP_LCD_SelectLayer
 .text.BSP_LCD_SetLayerVisible
                0x08003518       0x7c ./Drivers/BSP/STM32746G-Discovery/stm32746g_discovery_lcd.o
                0x08003518                BSP_LCD_SetLayerVisible
 .text.BSP_LCD_SetTextColor
                0x08003594       0x30 ./Drivers/BSP/STM32746G-Discovery/stm32746g_discovery_lcd.o
                0x08003594                BSP_LCD_SetTextColor
 .text.BSP_LCD_SetBackColor
                0x080035c4       0x34 ./Drivers/BSP/STM32746G-Discovery/stm32746g_discovery_lcd.o
                0x080035c4                BSP_LCD_SetBackColor
 .text.BSP_LCD_SetFont
                0x080035f8       0x34 ./Drivers/BSP/STM32746G-Discovery/stm32746g_discovery_lcd.o
                0x080035f8                BSP_LCD_SetFont
 .text.BSP_LCD_Clear
                0x0800362c       0x50 ./Drivers/BSP/STM32746G-Discovery/stm32746g_discovery_lcd.o
                0x0800362c                BSP_LCD_Clear
 .text.BSP_LCD_DisplayChar
                0x0800367c       0x88 ./Drivers/BSP/STM32746G-Discovery/stm32746g_discovery_lcd.o
                0x0800367c                BSP_LCD_DisplayChar
 .text.BSP_LCD_DisplayStringAt
                0x08003704      0x190 ./Drivers/BSP/STM32746G-Discovery/stm32746g_discovery_lcd.o
                0x08003704                BSP_LCD_DisplayStringAt
 .text.BSP_LCD_DrawHLine
                0x08003894       0xbc ./Drivers/BSP/STM32746G-Discovery/stm32746g_discovery_lcd.o
                0x08003894                BSP_LCD_DrawHLine
 .text.BSP_LCD_DrawVLine
                0x08003950       0xc4 ./Drivers/BSP/STM32746G-Discovery/stm32746g_discovery_lcd.o
                0x08003950                BSP_LCD_DrawVLine
 .text.BSP_LCD_DrawRect
                0x08003a14       0x62 ./Drivers/BSP/STM32746G-Discovery/stm32746g_discovery_lcd.o
                0x08003a14                BSP_LCD_DrawRect
 *fill*         0x08003a76        0x2 
 .text.BSP_LCD_DrawPixel
                0x08003a78       0x90 ./Drivers/BSP/STM32746G-Discovery/stm32746g_discovery_lcd.o
                0x08003a78                BSP_LCD_DrawPixel
 .text.BSP_LCD_DrawBitmap
                0x08003b08      0x164 ./Drivers/BSP/STM32746G-Discovery/stm32746g_discovery_lcd.o
                0x08003b08                BSP_LCD_DrawBitmap
 .text.BSP_LCD_MspInit
                0x08003c6c      0x1b4 ./Drivers/BSP/STM32746G-Discovery/stm32746g_discovery_lcd.o
                0x08003c6c                BSP_LCD_MspInit
 .text.BSP_LCD_ClockConfig
                0x08003e20       0x38 ./Drivers/BSP/STM32746G-Discovery/stm32746g_discovery_lcd.o
                0x08003e20                BSP_LCD_ClockConfig
 .text.DrawChar
                0x08003e58      0x170 ./Drivers/BSP/STM32746G-Discovery/stm32746g_discovery_lcd.o
 .text.LL_FillBuffer
                0x08003fc8       0x98 ./Drivers/BSP/STM32746G-Discovery/stm32746g_discovery_lcd.o
 .text.LL_ConvertLineToARGB8888
                0x08004060       0x88 ./Drivers/BSP/STM32746G-Discovery/stm32746g_discovery_lcd.o
 .text.BSP_SDRAM_Init
                0x080040e8       0xbc ./Drivers/BSP/STM32746G-Discovery/stm32746g_discovery_sdram.o
                0x080040e8                BSP_SDRAM_Init
 .text.BSP_SDRAM_Initialization_sequence
                0x080041a4       0xc0 ./Drivers/BSP/STM32746G-Discovery/stm32746g_discovery_sdram.o
                0x080041a4                BSP_SDRAM_Initialization_sequence
 .text.BSP_SDRAM_MspInit
                0x08004264      0x1f0 ./Drivers/BSP/STM32746G-Discovery/stm32746g_discovery_sdram.o
                0x08004264                BSP_SDRAM_MspInit
 .text.BSP_TS_Init
                0x08004454       0x80 ./Drivers/BSP/STM32746G-Discovery/stm32746g_discovery_ts.o
                0x08004454                BSP_TS_Init
 .text.BSP_TS_GetState
                0x080044d4      0x378 ./Drivers/BSP/STM32746G-Discovery/stm32746g_discovery_ts.o
                0x080044d4                BSP_TS_GetState
 .text.BSP_TS_Get_GestureId
                0x0800484c      0x104 ./Drivers/BSP/STM32746G-Discovery/stm32746g_discovery_ts.o
                0x0800484c                BSP_TS_Get_GestureId
 .text.HAL_Init
                0x08004950       0x2c ./Drivers/STM32F7xx_HAL_Driver/Src/stm32f7xx_hal.o
                0x08004950                HAL_Init
 .text.HAL_InitTick
                0x0800497c       0x60 ./Drivers/STM32F7xx_HAL_Driver/Src/stm32f7xx_hal.o
                0x0800497c                HAL_InitTick
 .text.HAL_IncTick
                0x080049dc       0x28 ./Drivers/STM32F7xx_HAL_Driver/Src/stm32f7xx_hal.o
                0x080049dc                HAL_IncTick
 .text.HAL_GetTick
                0x08004a04       0x18 ./Drivers/STM32F7xx_HAL_Driver/Src/stm32f7xx_hal.o
                0x08004a04                HAL_GetTick
 .text.HAL_Delay
                0x08004a1c       0x48 ./Drivers/STM32F7xx_HAL_Driver/Src/stm32f7xx_hal.o
                0x08004a1c                HAL_Delay
 .text.__NVIC_SetPriorityGrouping
                0x08004a64       0x48 ./Drivers/STM32F7xx_HAL_Driver/Src/stm32f7xx_hal_cortex.o
 .text.__NVIC_GetPriorityGrouping
                0x08004aac       0x1c ./Drivers/STM32F7xx_HAL_Driver/Src/stm32f7xx_hal_cortex.o
 .text.__NVIC_EnableIRQ
                0x08004ac8       0x3c ./Drivers/STM32F7xx_HAL_Driver/Src/stm32f7xx_hal_cortex.o
 .text.__NVIC_SetPriority
                0x08004b04       0x54 ./Drivers/STM32F7xx_HAL_Driver/Src/stm32f7xx_hal_cortex.o
 .text.NVIC_EncodePriority
                0x08004b58       0x66 ./Drivers/STM32F7xx_HAL_Driver/Src/stm32f7xx_hal_cortex.o
 *fill*         0x08004bbe        0x2 
 .text.SysTick_Config
                0x08004bc0       0x44 ./Drivers/STM32F7xx_HAL_Driver/Src/stm32f7xx_hal_cortex.o
 .text.HAL_NVIC_SetPriorityGrouping
                0x08004c04       0x16 ./Drivers/STM32F7xx_HAL_Driver/Src/stm32f7xx_hal_cortex.o
                0x08004c04                HAL_NVIC_SetPriorityGrouping
 .text.HAL_NVIC_SetPriority
                0x08004c1a       0x38 ./Drivers/STM32F7xx_HAL_Driver/Src/stm32f7xx_hal_cortex.o
                0x08004c1a                HAL_NVIC_SetPriority
 .text.HAL_NVIC_EnableIRQ
                0x08004c52       0x1c ./Drivers/STM32F7xx_HAL_Driver/Src/stm32f7xx_hal_cortex.o
                0x08004c52                HAL_NVIC_EnableIRQ
 .text.HAL_SYSTICK_Config
                0x08004c6e       0x18 ./Drivers/STM32F7xx_HAL_Driver/Src/stm32f7xx_hal_cortex.o
                0x08004c6e                HAL_SYSTICK_Config
 *fill*         0x08004c86        0x2 
 .text.HAL_DMA_Init
                0x08004c88      0x15c ./Drivers/STM32F7xx_HAL_Driver/Src/stm32f7xx_hal_dma.o
                0x08004c88                HAL_DMA_Init
 .text.HAL_DMA_DeInit
                0x08004de4       0xbc ./Drivers/STM32F7xx_HAL_Driver/Src/stm32f7xx_hal_dma.o
                0x08004de4                HAL_DMA_DeInit
 .text.DMA_CalcBaseAndBitshift
                0x08004ea0       0x6c ./Drivers/STM32F7xx_HAL_Driver/Src/stm32f7xx_hal_dma.o
 .text.DMA_CheckFifoParam
                0x08004f0c       0xf8 ./Drivers/STM32F7xx_HAL_Driver/Src/stm32f7xx_hal_dma.o
 .text.HAL_DMA2D_Init
                0x08005004       0x94 ./Drivers/STM32F7xx_HAL_Driver/Src/stm32f7xx_hal_dma2d.o
                0x08005004                HAL_DMA2D_Init
 .text.HAL_DMA2D_Start
                0x08005098       0x56 ./Drivers/STM32F7xx_HAL_Driver/Src/stm32f7xx_hal_dma2d.o
                0x08005098                HAL_DMA2D_Start
 .text.HAL_DMA2D_PollForTransfer
                0x080050ee      0x1d2 ./Drivers/STM32F7xx_HAL_Driver/Src/stm32f7xx_hal_dma2d.o
                0x080050ee                HAL_DMA2D_PollForTransfer
 .text.HAL_DMA2D_ConfigLayer
                0x080052c0      0x124 ./Drivers/STM32F7xx_HAL_Driver/Src/stm32f7xx_hal_dma2d.o
                0x080052c0                HAL_DMA2D_ConfigLayer
 .text.DMA2D_SetConfig
                0x080053e4      0x138 ./Drivers/STM32F7xx_HAL_Driver/Src/stm32f7xx_hal_dma2d.o
 .text.HAL_GPIO_Init
                0x0800551c      0x358 ./Drivers/STM32F7xx_HAL_Driver/Src/stm32f7xx_hal_gpio.o
                0x0800551c                HAL_GPIO_Init
 .text.HAL_GPIO_DeInit
                0x08005874      0x218 ./Drivers/STM32F7xx_HAL_Driver/Src/stm32f7xx_hal_gpio.o
                0x08005874                HAL_GPIO_DeInit
 .text.HAL_GPIO_WritePin
                0x08005a8c       0x32 ./Drivers/STM32F7xx_HAL_Driver/Src/stm32f7xx_hal_gpio.o
                0x08005a8c                HAL_GPIO_WritePin
 *fill*         0x08005abe        0x2 
 .text.HAL_I2C_Init
                0x08005ac0      0x138 ./Drivers/STM32F7xx_HAL_Driver/Src/stm32f7xx_hal_i2c.o
                0x08005ac0                HAL_I2C_Init
 .text.HAL_I2C_DeInit
                0x08005bf8       0x5e ./Drivers/STM32F7xx_HAL_Driver/Src/stm32f7xx_hal_i2c.o
                0x08005bf8                HAL_I2C_DeInit
 *fill*         0x08005c56        0x2 
 .text.HAL_I2C_Mem_Write
                0x08005c58      0x228 ./Drivers/STM32F7xx_HAL_Driver/Src/stm32f7xx_hal_i2c.o
                0x08005c58                HAL_I2C_Mem_Write
 .text.HAL_I2C_Mem_Read
                0x08005e80      0x234 ./Drivers/STM32F7xx_HAL_Driver/Src/stm32f7xx_hal_i2c.o
                0x08005e80                HAL_I2C_Mem_Read
 .text.HAL_I2C_GetState
                0x080060b4       0x1c ./Drivers/STM32F7xx_HAL_Driver/Src/stm32f7xx_hal_i2c.o
                0x080060b4                HAL_I2C_GetState
 .text.I2C_RequestMemoryWrite
                0x080060d0       0xa8 ./Drivers/STM32F7xx_HAL_Driver/Src/stm32f7xx_hal_i2c.o
 .text.I2C_RequestMemoryRead
                0x08006178       0xa8 ./Drivers/STM32F7xx_HAL_Driver/Src/stm32f7xx_hal_i2c.o
 .text.I2C_Flush_TXDR
                0x08006220       0x48 ./Drivers/STM32F7xx_HAL_Driver/Src/stm32f7xx_hal_i2c.o
 .text.I2C_WaitOnFlagUntilTimeout
                0x08006268       0xb2 ./Drivers/STM32F7xx_HAL_Driver/Src/stm32f7xx_hal_i2c.o
 .text.I2C_WaitOnTXISFlagUntilTimeout
                0x0800631a       0x8e ./Drivers/STM32F7xx_HAL_Driver/Src/stm32f7xx_hal_i2c.o
 .text.I2C_WaitOnSTOPFlagUntilTimeout
                0x080063a8       0x86 ./Drivers/STM32F7xx_HAL_Driver/Src/stm32f7xx_hal_i2c.o
 *fill*         0x0800642e        0x2 
 .text.I2C_IsErrorOccurred
                0x08006430      0x1c0 ./Drivers/STM32F7xx_HAL_Driver/Src/stm32f7xx_hal_i2c.o
 .text.I2C_TransferConfig
                0x080065f0       0x64 ./Drivers/STM32F7xx_HAL_Driver/Src/stm32f7xx_hal_i2c.o
 .text.HAL_I2CEx_ConfigAnalogFilter
                0x08006654       0x96 ./Drivers/STM32F7xx_HAL_Driver/Src/stm32f7xx_hal_i2c_ex.o
                0x08006654                HAL_I2CEx_ConfigAnalogFilter
 .text.HAL_I2CEx_ConfigDigitalFilter
                0x080066ea       0x98 ./Drivers/STM32F7xx_HAL_Driver/Src/stm32f7xx_hal_i2c_ex.o
                0x080066ea                HAL_I2CEx_ConfigDigitalFilter
 *fill*         0x08006782        0x2 
 .text.HAL_LTDC_Init
                0x08006784      0x1a0 ./Drivers/STM32F7xx_HAL_Driver/Src/stm32f7xx_hal_ltdc.o
                0x08006784                HAL_LTDC_Init
 .text.HAL_LTDC_ConfigLayer
                0x08006924       0x7c ./Drivers/STM32F7xx_HAL_Driver/Src/stm32f7xx_hal_ltdc.o
                0x08006924                HAL_LTDC_ConfigLayer
 .text.HAL_LTDC_GetState
                0x080069a0       0x1c ./Drivers/STM32F7xx_HAL_Driver/Src/stm32f7xx_hal_ltdc.o
                0x080069a0                HAL_LTDC_GetState
 .text.LTDC_SetConfig
                0x080069bc      0x334 ./Drivers/STM32F7xx_HAL_Driver/Src/stm32f7xx_hal_ltdc.o
 .text.HAL_PWR_EnableBkUpAccess
                0x08006cf0       0x20 ./Drivers/STM32F7xx_HAL_Driver/Src/stm32f7xx_hal_pwr.o
                0x08006cf0                HAL_PWR_EnableBkUpAccess
 .text.HAL_RCC_OscConfig
                0x08006d10      0x548 ./Drivers/STM32F7xx_HAL_Driver/Src/stm32f7xx_hal_rcc.o
                0x08006d10                HAL_RCC_OscConfig
 .text.HAL_RCC_ClockConfig
                0x08007258      0x1d8 ./Drivers/STM32F7xx_HAL_Driver/Src/stm32f7xx_hal_rcc.o
                0x08007258                HAL_RCC_ClockConfig
 .text.HAL_RCC_GetSysClockFreq
                0x08007430      0x18c ./Drivers/STM32F7xx_HAL_Driver/Src/stm32f7xx_hal_rcc.o
                0x08007430                HAL_RCC_GetSysClockFreq
 .text.HAL_RCC_GetHCLKFreq
                0x080075bc       0x18 ./Drivers/STM32F7xx_HAL_Driver/Src/stm32f7xx_hal_rcc.o
                0x080075bc                HAL_RCC_GetHCLKFreq
 .text.HAL_RCC_GetPCLK1Freq
                0x080075d4       0x28 ./Drivers/STM32F7xx_HAL_Driver/Src/stm32f7xx_hal_rcc.o
                0x080075d4                HAL_RCC_GetPCLK1Freq
 .text.HAL_RCC_GetPCLK2Freq
                0x080075fc       0x28 ./Drivers/STM32F7xx_HAL_Driver/Src/stm32f7xx_hal_rcc.o
                0x080075fc                HAL_RCC_GetPCLK2Freq
 .text.HAL_RCCEx_PeriphCLKConfig
                0x08007624      0x7e0 ./Drivers/STM32F7xx_HAL_Driver/Src/stm32f7xx_hal_rcc_ex.o
                0x08007624                HAL_RCCEx_PeriphCLKConfig
 .text.HAL_RTC_Init
                0x08007e04      0x108 ./Drivers/STM32F7xx_HAL_Driver/Src/stm32f7xx_hal_rtc.o
                0x08007e04                HAL_RTC_Init
 .text.HAL_RTC_SetTime
                0x08007f0c      0x134 ./Drivers/STM32F7xx_HAL_Driver/Src/stm32f7xx_hal_rtc.o
                0x08007f0c                HAL_RTC_SetTime
 .text.HAL_RTC_GetTime
                0x08008040       0xbc ./Drivers/STM32F7xx_HAL_Driver/Src/stm32f7xx_hal_rtc.o
                0x08008040                HAL_RTC_GetTime
 .text.HAL_RTC_SetDate
                0x080080fc      0x108 ./Drivers/STM32F7xx_HAL_Driver/Src/stm32f7xx_hal_rtc.o
                0x080080fc                HAL_RTC_SetDate
 .text.HAL_RTC_GetDate
                0x08008204       0xa0 ./Drivers/STM32F7xx_HAL_Driver/Src/stm32f7xx_hal_rtc.o
                0x08008204                HAL_RTC_GetDate
 .text.HAL_RTC_WaitForSynchro
                0x080082a4       0x4c ./Drivers/STM32F7xx_HAL_Driver/Src/stm32f7xx_hal_rtc.o
                0x080082a4                HAL_RTC_WaitForSynchro
 .text.RTC_EnterInitMode
                0x080082f0       0x6e ./Drivers/STM32F7xx_HAL_Driver/Src/stm32f7xx_hal_rtc.o
                0x080082f0                RTC_EnterInitMode
 .text.RTC_ExitInitMode
                0x0800835e       0x4a ./Drivers/STM32F7xx_HAL_Driver/Src/stm32f7xx_hal_rtc.o
                0x0800835e                RTC_ExitInitMode
 .text.RTC_ByteToBcd2
                0x080083a8       0x3c ./Drivers/STM32F7xx_HAL_Driver/Src/stm32f7xx_hal_rtc.o
                0x080083a8                RTC_ByteToBcd2
 .text.RTC_Bcd2ToByte
                0x080083e4       0x3c ./Drivers/STM32F7xx_HAL_Driver/Src/stm32f7xx_hal_rtc.o
                0x080083e4                RTC_Bcd2ToByte
 .text.HAL_RTCEx_SetWakeUpTimer_IT
                0x08008420      0x184 ./Drivers/STM32F7xx_HAL_Driver/Src/stm32f7xx_hal_rtc_ex.o
                0x08008420                HAL_RTCEx_SetWakeUpTimer_IT
 .text.HAL_RTCEx_WakeUpTimerIRQHandler
                0x080085a4       0x48 ./Drivers/STM32F7xx_HAL_Driver/Src/stm32f7xx_hal_rtc_ex.o
                0x080085a4                HAL_RTCEx_WakeUpTimerIRQHandler
 .text.HAL_RTCEx_WakeUpTimerEventCallback
                0x080085ec       0x14 ./Drivers/STM32F7xx_HAL_Driver/Src/stm32f7xx_hal_rtc_ex.o
                0x080085ec                HAL_RTCEx_WakeUpTimerEventCallback
 .text.HAL_SDRAM_Init
                0x08008600       0x68 ./Drivers/STM32F7xx_HAL_Driver/Src/stm32f7xx_hal_sdram.o
                0x08008600                HAL_SDRAM_Init
 .text.HAL_SDRAM_SendCommand
                0x08008668       0x6a ./Drivers/STM32F7xx_HAL_Driver/Src/stm32f7xx_hal_sdram.o
                0x08008668                HAL_SDRAM_SendCommand
 .text.HAL_SDRAM_ProgramRefreshRate
                0x080086d2       0x50 ./Drivers/STM32F7xx_HAL_Driver/Src/stm32f7xx_hal_sdram.o
                0x080086d2                HAL_SDRAM_ProgramRefreshRate
 .text.HAL_TIM_Base_Init
                0x08008722       0xae ./Drivers/STM32F7xx_HAL_Driver/Src/stm32f7xx_hal_tim.o
                0x08008722                HAL_TIM_Base_Init
 .text.HAL_TIM_Base_Start_IT
                0x080087d0       0xf0 ./Drivers/STM32F7xx_HAL_Driver/Src/stm32f7xx_hal_tim.o
                0x080087d0                HAL_TIM_Base_Start_IT
 .text.HAL_TIM_IRQHandler
                0x080088c0      0x20e ./Drivers/STM32F7xx_HAL_Driver/Src/stm32f7xx_hal_tim.o
                0x080088c0                HAL_TIM_IRQHandler
 .text.HAL_TIM_SlaveConfigSynchro
                0x08008ace       0x84 ./Drivers/STM32F7xx_HAL_Driver/Src/stm32f7xx_hal_tim.o
                0x08008ace                HAL_TIM_SlaveConfigSynchro
 .text.HAL_TIM_OC_DelayElapsedCallback
                0x08008b52       0x14 ./Drivers/STM32F7xx_HAL_Driver/Src/stm32f7xx_hal_tim.o
                0x08008b52                HAL_TIM_OC_DelayElapsedCallback
 .text.HAL_TIM_IC_CaptureCallback
                0x08008b66       0x14 ./Drivers/STM32F7xx_HAL_Driver/Src/stm32f7xx_hal_tim.o
                0x08008b66                HAL_TIM_IC_CaptureCallback
 .text.HAL_TIM_PWM_PulseFinishedCallback
                0x08008b7a       0x14 ./Drivers/STM32F7xx_HAL_Driver/Src/stm32f7xx_hal_tim.o
                0x08008b7a                HAL_TIM_PWM_PulseFinishedCallback
 .text.HAL_TIM_TriggerCallback
                0x08008b8e       0x14 ./Drivers/STM32F7xx_HAL_Driver/Src/stm32f7xx_hal_tim.o
                0x08008b8e                HAL_TIM_TriggerCallback
 *fill*         0x08008ba2        0x2 
 .text.TIM_Base_SetConfig
                0x08008ba4      0x158 ./Drivers/STM32F7xx_HAL_Driver/Src/stm32f7xx_hal_tim.o
                0x08008ba4                TIM_Base_SetConfig
 .text.TIM_SlaveTimer_SetConfig
                0x08008cfc      0x128 ./Drivers/STM32F7xx_HAL_Driver/Src/stm32f7xx_hal_tim.o
 .text.TIM_TI1_ConfigInputStage
                0x08008e24       0x5e ./Drivers/STM32F7xx_HAL_Driver/Src/stm32f7xx_hal_tim.o
 .text.TIM_TI2_ConfigInputStage
                0x08008e82       0x60 ./Drivers/STM32F7xx_HAL_Driver/Src/stm32f7xx_hal_tim.o
 .text.TIM_ETR_SetConfig
                0x08008ee2       0x40 ./Drivers/STM32F7xx_HAL_Driver/Src/stm32f7xx_hal_tim.o
                0x08008ee2                TIM_ETR_SetConfig
 *fill*         0x08008f22        0x2 
 .text.HAL_TIMEx_MasterConfigSynchronization
                0x08008f24      0x11c ./Drivers/STM32F7xx_HAL_Driver/Src/stm32f7xx_hal_tim_ex.o
                0x08008f24                HAL_TIMEx_MasterConfigSynchronization
 .text.HAL_TIMEx_CommutCallback
                0x08009040       0x14 ./Drivers/STM32F7xx_HAL_Driver/Src/stm32f7xx_hal_tim_ex.o
                0x08009040                HAL_TIMEx_CommutCallback
 .text.HAL_TIMEx_BreakCallback
                0x08009054       0x14 ./Drivers/STM32F7xx_HAL_Driver/Src/stm32f7xx_hal_tim_ex.o
                0x08009054                HAL_TIMEx_BreakCallback
 .text.HAL_TIMEx_Break2Callback
                0x08009068       0x14 ./Drivers/STM32F7xx_HAL_Driver/Src/stm32f7xx_hal_tim_ex.o
                0x08009068                HAL_TIMEx_Break2Callback
 .text.HAL_UART_Init
                0x0800907c       0x9c ./Drivers/STM32F7xx_HAL_Driver/Src/stm32f7xx_hal_uart.o
                0x0800907c                HAL_UART_Init
 .text.UART_SetConfig
                0x08009118      0x4c8 ./Drivers/STM32F7xx_HAL_Driver/Src/stm32f7xx_hal_uart.o
                0x08009118                UART_SetConfig
 .text.UART_AdvFeatureConfig
                0x080095e0      0x144 ./Drivers/STM32F7xx_HAL_Driver/Src/stm32f7xx_hal_uart.o
                0x080095e0                UART_AdvFeatureConfig
 .text.UART_CheckIdleState
                0x08009724       0xae ./Drivers/STM32F7xx_HAL_Driver/Src/stm32f7xx_hal_uart.o
                0x08009724                UART_CheckIdleState
 .text.UART_WaitOnFlagUntilTimeout
                0x080097d2       0xda ./Drivers/STM32F7xx_HAL_Driver/Src/stm32f7xx_hal_uart.o
                0x080097d2                UART_WaitOnFlagUntilTimeout
 .text.UART_EndRxTransfer
                0x080098ac       0xc8 ./Drivers/STM32F7xx_HAL_Driver/Src/stm32f7xx_hal_uart.o
 .text.FMC_SDRAM_Init
                0x08009974       0xb8 ./Drivers/STM32F7xx_HAL_Driver/Src/stm32f7xx_ll_fmc.o
                0x08009974                FMC_SDRAM_Init
 .text.FMC_SDRAM_Timing_Init
                0x08009a2c       0xd4 ./Drivers/STM32F7xx_HAL_Driver/Src/stm32f7xx_ll_fmc.o
                0x08009a2c                FMC_SDRAM_Timing_Init
 .text.FMC_SDRAM_SendCommand
                0x08009b00       0x48 ./Drivers/STM32F7xx_HAL_Driver/Src/stm32f7xx_ll_fmc.o
                0x08009b00                FMC_SDRAM_SendCommand
 .text.FMC_SDRAM_ProgramRefreshRate
                0x08009b48       0x30 ./Drivers/STM32F7xx_HAL_Driver/Src/stm32f7xx_ll_fmc.o
                0x08009b48                FMC_SDRAM_ProgramRefreshRate
 .text.sprintf  0x08009b78       0x40 C:/ST/STM32CubeIDE_1.14.1/STM32CubeIDE/plugins/com.st.stm32cube.ide.mcu.externaltools.gnu-tools-for-stm32.12.3.rel1.win32_1.0.200.202406191623/tools/bin/../lib/gcc/arm-none-eabi/12.3.1/../../../../arm-none-eabi/lib/thumb/v7e-m+fp/hard\libc_nano.a(libc_a-sprintf.o)
                0x08009b78                siprintf
                0x08009b78                sprintf
 .text.memset   0x08009bb8       0x10 C:/ST/STM32CubeIDE_1.14.1/STM32CubeIDE/plugins/com.st.stm32cube.ide.mcu.externaltools.gnu-tools-for-stm32.12.3.rel1.win32_1.0.200.202406191623/tools/bin/../lib/gcc/arm-none-eabi/12.3.1/../../../../arm-none-eabi/lib/thumb/v7e-m+fp/hard\libc_nano.a(libc_a-memset.o)
                0x08009bb8                memset
 .text.__errno  0x08009bc8        0xc C:/ST/STM32CubeIDE_1.14.1/STM32CubeIDE/plugins/com.st.stm32cube.ide.mcu.externaltools.gnu-tools-for-stm32.12.3.rel1.win32_1.0.200.202406191623/tools/bin/../lib/gcc/arm-none-eabi/12.3.1/../../../../arm-none-eabi/lib/thumb/v7e-m+fp/hard\libc_nano.a(libc_a-errno.o)
                0x08009bc8                __errno
 .text.__libc_init_array
                0x08009bd4       0x48 C:/ST/STM32CubeIDE_1.14.1/STM32CubeIDE/plugins/com.st.stm32cube.ide.mcu.externaltools.gnu-tools-for-stm32.12.3.rel1.win32_1.0.200.202406191623/tools/bin/../lib/gcc/arm-none-eabi/12.3.1/../../../../arm-none-eabi/lib/thumb/v7e-m+fp/hard\libc_nano.a(libc_a-init.o)
                0x08009bd4                __libc_init_array
 .text.__retarget_lock_acquire_recursive
                0x08009c1c        0x2 C:/ST/STM32CubeIDE_1.14.1/STM32CubeIDE/plugins/com.st.stm32cube.ide.mcu.externaltools.gnu-tools-for-stm32.12.3.rel1.win32_1.0.200.202406191623/tools/bin/../lib/gcc/arm-none-eabi/12.3.1/../../../../arm-none-eabi/lib/thumb/v7e-m+fp/hard\libc_nano.a(libc_a-lock.o)
                0x08009c1c                __retarget_lock_acquire_recursive
 .text.__retarget_lock_release_recursive
                0x08009c1e        0x2 C:/ST/STM32CubeIDE_1.14.1/STM32CubeIDE/plugins/com.st.stm32cube.ide.mcu.externaltools.gnu-tools-for-stm32.12.3.rel1.win32_1.0.200.202406191623/tools/bin/../lib/gcc/arm-none-eabi/12.3.1/../../../../arm-none-eabi/lib/thumb/v7e-m+fp/hard\libc_nano.a(libc_a-lock.o)
                0x08009c1e                __retarget_lock_release_recursive
 .text._free_r  0x08009c20       0x94 C:/ST/STM32CubeIDE_1.14.1/STM32CubeIDE/plugins/com.st.stm32cube.ide.mcu.externaltools.gnu-tools-for-stm32.12.3.rel1.win32_1.0.200.202406191623/tools/bin/../lib/gcc/arm-none-eabi/12.3.1/../../../../arm-none-eabi/lib/thumb/v7e-m+fp/hard\libc_nano.a(libc_a-freer.o)
                0x08009c20                _free_r
 .text.sbrk_aligned
                0x08009cb4       0x44 C:/ST/STM32CubeIDE_1.14.1/STM32CubeIDE/plugins/com.st.stm32cube.ide.mcu.externaltools.gnu-tools-for-stm32.12.3.rel1.win32_1.0.200.202406191623/tools/bin/../lib/gcc/arm-none-eabi/12.3.1/../../../../arm-none-eabi/lib/thumb/v7e-m+fp/hard\libc_nano.a(libc_a-mallocr.o)
 .text._malloc_r
                0x08009cf8      0x100 C:/ST/STM32CubeIDE_1.14.1/STM32CubeIDE/plugins/com.st.stm32cube.ide.mcu.externaltools.gnu-tools-for-stm32.12.3.rel1.win32_1.0.200.202406191623/tools/bin/../lib/gcc/arm-none-eabi/12.3.1/../../../../arm-none-eabi/lib/thumb/v7e-m+fp/hard\libc_nano.a(libc_a-mallocr.o)
                0x08009cf8                _malloc_r
 .text.__malloc_lock
                0x08009df8        0xc C:/ST/STM32CubeIDE_1.14.1/STM32CubeIDE/plugins/com.st.stm32cube.ide.mcu.externaltools.gnu-tools-for-stm32.12.3.rel1.win32_1.0.200.202406191623/tools/bin/../lib/gcc/arm-none-eabi/12.3.1/../../../../arm-none-eabi/lib/thumb/v7e-m+fp/hard\libc_nano.a(libc_a-mlock.o)
                0x08009df8                __malloc_lock
 .text.__malloc_unlock
                0x08009e04        0xc C:/ST/STM32CubeIDE_1.14.1/STM32CubeIDE/plugins/com.st.stm32cube.ide.mcu.externaltools.gnu-tools-for-stm32.12.3.rel1.win32_1.0.200.202406191623/tools/bin/../lib/gcc/arm-none-eabi/12.3.1/../../../../arm-none-eabi/lib/thumb/v7e-m+fp/hard\libc_nano.a(libc_a-mlock.o)
                0x08009e04                __malloc_unlock
 .text.__ssputs_r
                0x08009e10       0xb6 C:/ST/STM32CubeIDE_1.14.1/STM32CubeIDE/plugins/com.st.stm32cube.ide.mcu.externaltools.gnu-tools-for-stm32.12.3.rel1.win32_1.0.200.202406191623/tools/bin/../lib/gcc/arm-none-eabi/12.3.1/../../../../arm-none-eabi/lib/thumb/v7e-m+fp/hard\libc_nano.a(libc_a-nano-svfprintf.o)
                0x08009e10                __ssputs_r
 *fill*         0x08009ec6        0x2 
 .text._svfprintf_r
                0x08009ec8      0x1f8 C:/ST/STM32CubeIDE_1.14.1/STM32CubeIDE/plugins/com.st.stm32cube.ide.mcu.externaltools.gnu-tools-for-stm32.12.3.rel1.win32_1.0.200.202406191623/tools/bin/../lib/gcc/arm-none-eabi/12.3.1/../../../../arm-none-eabi/lib/thumb/v7e-m+fp/hard\libc_nano.a(libc_a-nano-svfprintf.o)
                0x08009ec8                _svfiprintf_r
                0x08009ec8                _svfprintf_r
 .text._printf_common
                0x0800a0c0       0xda C:/ST/STM32CubeIDE_1.14.1/STM32CubeIDE/plugins/com.st.stm32cube.ide.mcu.externaltools.gnu-tools-for-stm32.12.3.rel1.win32_1.0.200.202406191623/tools/bin/../lib/gcc/arm-none-eabi/12.3.1/../../../../arm-none-eabi/lib/thumb/v7e-m+fp/hard\libc_nano.a(libc_a-nano-vfprintf_i.o)
                0x0800a0c0                _printf_common
 *fill*         0x0800a19a        0x2 
 .text._printf_i
                0x0800a19c      0x240 C:/ST/STM32CubeIDE_1.14.1/STM32CubeIDE/plugins/com.st.stm32cube.ide.mcu.externaltools.gnu-tools-for-stm32.12.3.rel1.win32_1.0.200.202406191623/tools/bin/../lib/gcc/arm-none-eabi/12.3.1/../../../../arm-none-eabi/lib/thumb/v7e-m+fp/hard\libc_nano.a(libc_a-nano-vfprintf_i.o)
                0x0800a19c                _printf_i
 .text.memmove  0x0800a3dc       0x34 C:/ST/STM32CubeIDE_1.14.1/STM32CubeIDE/plugins/com.st.stm32cube.ide.mcu.externaltools.gnu-tools-for-stm32.12.3.rel1.win32_1.0.200.202406191623/tools/bin/../lib/gcc/arm-none-eabi/12.3.1/../../../../arm-none-eabi/lib/thumb/v7e-m+fp/hard\libc_nano.a(libc_a-memmove.o)
                0x0800a3dc                memmove
 .text._sbrk_r  0x0800a410       0x20 C:/ST/STM32CubeIDE_1.14.1/STM32CubeIDE/plugins/com.st.stm32cube.ide.mcu.externaltools.gnu-tools-for-stm32.12.3.rel1.win32_1.0.200.202406191623/tools/bin/../lib/gcc/arm-none-eabi/12.3.1/../../../../arm-none-eabi/lib/thumb/v7e-m+fp/hard\libc_nano.a(libc_a-sbrkr.o)
                0x0800a410                _sbrk_r
 .text.memcpy   0x0800a430       0x1c C:/ST/STM32CubeIDE_1.14.1/STM32CubeIDE/plugins/com.st.stm32cube.ide.mcu.externaltools.gnu-tools-for-stm32.12.3.rel1.win32_1.0.200.202406191623/tools/bin/../lib/gcc/arm-none-eabi/12.3.1/../../../../arm-none-eabi/lib/thumb/v7e-m+fp/hard\libc_nano.a(libc_a-memcpy-stub.o)
                0x0800a430                memcpy
 .text._realloc_r
                0x0800a44c       0x5c C:/ST/STM32CubeIDE_1.14.1/STM32CubeIDE/plugins/com.st.stm32cube.ide.mcu.externaltools.gnu-tools-for-stm32.12.3.rel1.win32_1.0.200.202406191623/tools/bin/../lib/gcc/arm-none-eabi/12.3.1/../../../../arm-none-eabi/lib/thumb/v7e-m+fp/hard\libc_nano.a(libc_a-reallocr.o)
                0x0800a44c                _realloc_r
 .text._malloc_usable_size_r
                0x0800a4a8       0x10 C:/ST/STM32CubeIDE_1.14.1/STM32CubeIDE/plugins/com.st.stm32cube.ide.mcu.externaltools.gnu-tools-for-stm32.12.3.rel1.win32_1.0.200.202406191623/tools/bin/../lib/gcc/arm-none-eabi/12.3.1/../../../../arm-none-eabi/lib/thumb/v7e-m+fp/hard\libc_nano.a(libc_a-msizer.o)
                0x0800a4a8                _malloc_usable_size_r
 *(.glue_7)
 .glue_7        0x0800a4b8        0x0 linker stubs
 *(.glue_7t)
 .glue_7t       0x0800a4b8        0x0 linker stubs
 *(.eh_frame)
 .eh_frame      0x0800a4b8        0x0 C:/ST/STM32CubeIDE_1.14.1/STM32CubeIDE/plugins/com.st.stm32cube.ide.mcu.externaltools.gnu-tools-for-stm32.12.3.rel1.win32_1.0.200.202406191623/tools/bin/../lib/gcc/arm-none-eabi/12.3.1/thumb/v7e-m+fp/hard/crtbegin.o
 *(.init)
 .init          0x0800a4b8        0x4 C:/ST/STM32CubeIDE_1.14.1/STM32CubeIDE/plugins/com.st.stm32cube.ide.mcu.externaltools.gnu-tools-for-stm32.12.3.rel1.win32_1.0.200.202406191623/tools/bin/../lib/gcc/arm-none-eabi/12.3.1/thumb/v7e-m+fp/hard/crti.o
                0x0800a4b8                _init
 .init          0x0800a4bc        0x8 C:/ST/STM32CubeIDE_1.14.1/STM32CubeIDE/plugins/com.st.stm32cube.ide.mcu.externaltools.gnu-tools-for-stm32.12.3.rel1.win32_1.0.200.202406191623/tools/bin/../lib/gcc/arm-none-eabi/12.3.1/thumb/v7e-m+fp/hard/crtn.o
 *(.fini)
 .fini          0x0800a4c4        0x4 C:/ST/STM32CubeIDE_1.14.1/STM32CubeIDE/plugins/com.st.stm32cube.ide.mcu.externaltools.gnu-tools-for-stm32.12.3.rel1.win32_1.0.200.202406191623/tools/bin/../lib/gcc/arm-none-eabi/12.3.1/thumb/v7e-m+fp/hard/crti.o
                0x0800a4c4                _fini
 .fini          0x0800a4c8        0x8 C:/ST/STM32CubeIDE_1.14.1/STM32CubeIDE/plugins/com.st.stm32cube.ide.mcu.externaltools.gnu-tools-for-stm32.12.3.rel1.win32_1.0.200.202406191623/tools/bin/../lib/gcc/arm-none-eabi/12.3.1/thumb/v7e-m+fp/hard/crtn.o
                0x0800a4d0                        . = ALIGN (0x4)
                0x0800a4d0                        _etext = .

.vfp11_veneer   0x0800a4d0        0x0
 .vfp11_veneer  0x0800a4d0        0x0 linker stubs

.v4_bx          0x0800a4d0        0x0
 .v4_bx         0x0800a4d0        0x0 linker stubs

.iplt           0x0800a4d0        0x0
 .iplt          0x0800a4d0        0x0 C:/ST/STM32CubeIDE_1.14.1/STM32CubeIDE/plugins/com.st.stm32cube.ide.mcu.externaltools.gnu-tools-for-stm32.12.3.rel1.win32_1.0.200.202406191623/tools/bin/../lib/gcc/arm-none-eabi/12.3.1/thumb/v7e-m+fp/hard/crtbegin.o

.rodata         0x0800a4d0     0x3b9c
                0x0800a4d0                        . = ALIGN (0x4)
 *(.rodata)
 .rodata        0x0800a4d0      0x164 ./Core/Src/main.o
 *(.rodata*)
 .rodata.AHBPrescTable
                0x0800a634       0x10 ./Core/Src/system_stm32f7xx.o
                0x0800a634                AHBPrescTable
 .rodata.APBPrescTable
                0x0800a644        0x8 ./Core/Src/system_stm32f7xx.o
                0x0800a644                APBPrescTable
 .rodata.Font24_Table
                0x0800a64c     0x1ab8 ./Drivers/BSP/STM32746G-Discovery/stm32746g_discovery_lcd.o
                0x0800a64c                Font24_Table
 .rodata.Font20_Table
                0x0800c104      0xed8 ./Drivers/BSP/STM32746G-Discovery/stm32746g_discovery_lcd.o
                0x0800c104                Font20_Table
 .rodata.Font16_Table
                0x0800cfdc      0xbe0 ./Drivers/BSP/STM32746G-Discovery/stm32746g_discovery_lcd.o
                0x0800cfdc                Font16_Table
 .rodata.Font12_Table
                0x0800dbbc      0x474 ./Drivers/BSP/STM32746G-Discovery/stm32746g_discovery_lcd.o
                0x0800dbbc                Font12_Table
 .rodata.flagBitshiftOffset.0
                0x0800e030        0x8 ./Drivers/STM32F7xx_HAL_Driver/Src/stm32f7xx_hal_dma.o
 .rodata._svfprintf_r.str1.1
                0x0800e038       0x11 C:/ST/STM32CubeIDE_1.14.1/STM32CubeIDE/plugins/com.st.stm32cube.ide.mcu.externaltools.gnu-tools-for-stm32.12.3.rel1.win32_1.0.200.202406191623/tools/bin/../lib/gcc/arm-none-eabi/12.3.1/../../../../arm-none-eabi/lib/thumb/v7e-m+fp/hard\libc_nano.a(libc_a-nano-svfprintf.o)
 .rodata._printf_i.str1.1
                0x0800e049       0x22 C:/ST/STM32CubeIDE_1.14.1/STM32CubeIDE/plugins/com.st.stm32cube.ide.mcu.externaltools.gnu-tools-for-stm32.12.3.rel1.win32_1.0.200.202406191623/tools/bin/../lib/gcc/arm-none-eabi/12.3.1/../../../../arm-none-eabi/lib/thumb/v7e-m+fp/hard\libc_nano.a(libc_a-nano-vfprintf_i.o)
                0x0800e06c                        . = ALIGN (0x4)
 *fill*         0x0800e06b        0x1 

.ARM.extab      0x0800e06c        0x0
                0x0800e06c                        . = ALIGN (0x4)
 *(.ARM.extab* .gnu.linkonce.armextab.*)
                0x0800e06c                        . = ALIGN (0x4)

.ARM            0x0800e06c        0x8
                0x0800e06c                        . = ALIGN (0x4)
                0x0800e06c                        __exidx_start = .
 *(.ARM.exidx*)
 .ARM.exidx     0x0800e06c        0x8 C:/ST/STM32CubeIDE_1.14.1/STM32CubeIDE/plugins/com.st.stm32cube.ide.mcu.externaltools.gnu-tools-for-stm32.12.3.rel1.win32_1.0.200.202406191623/tools/bin/../lib/gcc/arm-none-eabi/12.3.1/../../../../arm-none-eabi/lib/thumb/v7e-m+fp/hard\libc_nano.a(libc_a-memchr.o)
 .ARM.exidx     0x0800e074        0x0 C:/ST/STM32CubeIDE_1.14.1/STM32CubeIDE/plugins/com.st.stm32cube.ide.mcu.externaltools.gnu-tools-for-stm32.12.3.rel1.win32_1.0.200.202406191623/tools/bin/../lib/gcc/arm-none-eabi/12.3.1/thumb/v7e-m+fp/hard\libgcc.a(_udivmoddi4.o)
                                  0x8 (size before relaxing)
                0x0800e074                        __exidx_end = .
                0x0800e074                        . = ALIGN (0x4)

.rel.dyn        0x0800e074        0x0
 .rel.iplt      0x0800e074        0x0 C:/ST/STM32CubeIDE_1.14.1/STM32CubeIDE/plugins/com.st.stm32cube.ide.mcu.externaltools.gnu-tools-for-stm32.12.3.rel1.win32_1.0.200.202406191623/tools/bin/../lib/gcc/arm-none-eabi/12.3.1/thumb/v7e-m+fp/hard/crtbegin.o

.preinit_array  0x0800e074        0x0
                0x0800e074                        . = ALIGN (0x4)
                0x0800e074                        PROVIDE (__preinit_array_start = .)
 *(.preinit_array*)
                0x0800e074                        PROVIDE (__preinit_array_end = .)
                0x0800e074                        . = ALIGN (0x4)

.init_array     0x0800e074        0x4
                0x0800e074                        . = ALIGN (0x4)
                0x0800e074                        PROVIDE (__init_array_start = .)
 *(SORT_BY_NAME(.init_array.*))
 *(.init_array*)
 .init_array    0x0800e074        0x4 C:/ST/STM32CubeIDE_1.14.1/STM32CubeIDE/plugins/com.st.stm32cube.ide.mcu.externaltools.gnu-tools-for-stm32.12.3.rel1.win32_1.0.200.202406191623/tools/bin/../lib/gcc/arm-none-eabi/12.3.1/thumb/v7e-m+fp/hard/crtbegin.o
                0x0800e078                        PROVIDE (__init_array_end = .)
                0x0800e078                        . = ALIGN (0x4)

.fini_array     0x0800e078        0x4
                0x0800e078                        . = ALIGN (0x4)
                [!provide]                        PROVIDE (__fini_array_start = .)
 *(SORT_BY_NAME(.fini_array.*))
 *(.fini_array*)
 .fini_array    0x0800e078        0x4 C:/ST/STM32CubeIDE_1.14.1/STM32CubeIDE/plugins/com.st.stm32cube.ide.mcu.externaltools.gnu-tools-for-stm32.12.3.rel1.win32_1.0.200.202406191623/tools/bin/../lib/gcc/arm-none-eabi/12.3.1/thumb/v7e-m+fp/hard/crtbegin.o
                [!provide]                        PROVIDE (__fini_array_end = .)
                0x0800e07c                        . = ALIGN (0x4)
                0x0800e07c                        _sidata = LOADADDR (.data)

.data           0x20000000     0x4f24 load address 0x0800e07c
                0x20000000                        . = ALIGN (0x4)
                0x20000000                        _sdata = .
 *(.data)
 *(.data*)
 .data.cloud_icon_bmp
                0x20000000      0x88a ./Core/Src/main.o
                0x20000000                cloud_icon_bmp
 *fill*         0x2000088a        0x2 
 .data.direction_icon_bmp
                0x2000088c      0x88a ./Core/Src/main.o
                0x2000088c                direction_icon_bmp
 *fill*         0x20001116        0x2 
 .data.infos_icon_bmp
                0x20001118      0x50a ./Core/Src/main.o
                0x20001118                infos_icon_bmp
 *fill*         0x20001622        0x2 
 .data.pressure_icon_bmp
                0x20001624      0x88a ./Core/Src/main.o
                0x20001624                pressure_icon_bmp
 *fill*         0x20001eae        0x2 
 .data.rain_icon_bmp
                0x20001eb0      0x88a ./Core/Src/main.o
                0x20001eb0                rain_icon_bmp
 *fill*         0x2000273a        0x2 
 .data.setting_icon_bmp
                0x2000273c      0x50a ./Core/Src/main.o
                0x2000273c                setting_icon_bmp
 *fill*         0x20002c46        0x2 
 .data.temp_icon_bmp
                0x20002c48      0x88a ./Core/Src/main.o
                0x20002c48                temp_icon_bmp
 *fill*         0x200034d2        0x2 
 .data.wind_icon_bmp
                0x200034d4      0x88a ./Core/Src/main.o
                0x200034d4                wind_icon_bmp
 *fill*         0x20003d5e        0x2 
 .data.back_icon_bmp
                0x20003d60      0x88a ./Core/Src/main.o
                0x20003d60                back_icon_bmp
 *fill*         0x200045ea        0x2 
 .data.clock_icon_bmp
                0x200045ec      0x88a ./Core/Src/main.o
                0x200045ec                clock_icon_bmp
 *fill*         0x20004e76        0x2 
 .data.needRedraw
                0x20004e78        0x4 ./Core/Src/main.o
                0x20004e78                needRedraw
 .data.SystemCoreClock
                0x20004e7c        0x4 ./Core/Src/system_stm32f7xx.o
                0x20004e7c                SystemCoreClock
 .data.ft5336_ts_drv
                0x20004e80       0x28 ./Drivers/BSP/Components/ft5336/ft5336.o
                0x20004e80                ft5336_ts_drv
 .data.Font24   0x20004ea8        0x8 ./Drivers/BSP/STM32746G-Discovery/stm32746g_discovery_lcd.o
                0x20004ea8                Font24
 .data.Font20   0x20004eb0        0x8 ./Drivers/BSP/STM32746G-Discovery/stm32746g_discovery_lcd.o
                0x20004eb0                Font20
 .data.Font16   0x20004eb8        0x8 ./Drivers/BSP/STM32746G-Discovery/stm32746g_discovery_lcd.o
                0x20004eb8                Font16
 .data.Font12   0x20004ec0        0x8 ./Drivers/BSP/STM32746G-Discovery/stm32746g_discovery_lcd.o
                0x20004ec0                Font12
 .data.sdramstatus.3
                0x20004ec8        0x1 ./Drivers/BSP/STM32746G-Discovery/stm32746g_discovery_sdram.o
 *fill*         0x20004ec9        0x3 
 .data.uwTickPrio
                0x20004ecc        0x4 ./Drivers/STM32F7xx_HAL_Driver/Src/stm32f7xx_hal.o
                0x20004ecc                uwTickPrio
 .data.uwTickFreq
                0x20004ed0        0x1 ./Drivers/STM32F7xx_HAL_Driver/Src/stm32f7xx_hal.o
                0x20004ed0                uwTickFreq
 *fill*         0x20004ed1        0x3 
 .data._impure_ptr
                0x20004ed4        0x4 C:/ST/STM32CubeIDE_1.14.1/STM32CubeIDE/plugins/com.st.stm32cube.ide.mcu.externaltools.gnu-tools-for-stm32.12.3.rel1.win32_1.0.200.202406191623/tools/bin/../lib/gcc/arm-none-eabi/12.3.1/../../../../arm-none-eabi/lib/thumb/v7e-m+fp/hard\libc_nano.a(libc_a-impure.o)
                0x20004ed4                _impure_ptr
 .data._impure_data
                0x20004ed8       0x4c C:/ST/STM32CubeIDE_1.14.1/STM32CubeIDE/plugins/com.st.stm32cube.ide.mcu.externaltools.gnu-tools-for-stm32.12.3.rel1.win32_1.0.200.202406191623/tools/bin/../lib/gcc/arm-none-eabi/12.3.1/../../../../arm-none-eabi/lib/thumb/v7e-m+fp/hard\libc_nano.a(libc_a-impure.o)
                0x20004ed8                _impure_data
 *(.RamFunc)
 *(.RamFunc*)
                0x20004f24                        . = ALIGN (0x4)
                0x20004f24                        _edata = .

.igot.plt       0x20004f24        0x0 load address 0x08012fa0
 .igot.plt      0x20004f24        0x0 C:/ST/STM32CubeIDE_1.14.1/STM32CubeIDE/plugins/com.st.stm32cube.ide.mcu.externaltools.gnu-tools-for-stm32.12.3.rel1.win32_1.0.200.202406191623/tools/bin/../lib/gcc/arm-none-eabi/12.3.1/thumb/v7e-m+fp/hard/crtbegin.o
                0x20004f24                        . = ALIGN (0x4)

.bss            0x20004f24      0x724 load address 0x08012fa0
                0x20004f24                        _sbss = .
                0x20004f24                        __bss_start__ = _sbss
 *(.bss)
 .bss           0x20004f24       0x1c C:/ST/STM32CubeIDE_1.14.1/STM32CubeIDE/plugins/com.st.stm32cube.ide.mcu.externaltools.gnu-tools-for-stm32.12.3.rel1.win32_1.0.200.202406191623/tools/bin/../lib/gcc/arm-none-eabi/12.3.1/thumb/v7e-m+fp/hard/crtbegin.o
 *(.bss*)
 .bss.hdma2d    0x20004f40       0x40 ./Core/Src/dma2d.o
                0x20004f40                hdma2d
 .bss.hsdram1   0x20004f80       0x34 ./Core/Src/fmc.o
                0x20004f80                hsdram1
 .bss.FMC_Initialized
                0x20004fb4        0x4 ./Core/Src/fmc.o
 .bss.hi2c3     0x20004fb8       0x54 ./Core/Src/i2c.o
                0x20004fb8                hi2c3
 .bss.hltdc     0x2000500c       0xa8 ./Core/Src/ltdc.o
                0x2000500c                hltdc
 .bss.TS_State  0x200050b4       0x2c ./Core/Src/main.o
                0x200050b4                TS_State
 .bss.x         0x200050e0        0x2 ./Core/Src/main.o
                0x200050e0                x
 .bss.y         0x200050e2        0x2 ./Core/Src/main.o
                0x200050e2                y
 .bss.debounce  0x200050e4        0x4 ./Core/Src/main.o
                0x200050e4                debounce
 .bss.sTime     0x200050e8       0x14 ./Core/Src/main.o
                0x200050e8                sTime
 .bss.sDate     0x200050fc        0x4 ./Core/Src/main.o
                0x200050fc                sDate
 .bss.prev_state.0
                0x20005100       0x2c ./Core/Src/main.o
 .bss.hrtc      0x2000512c       0x20 ./Core/Src/rtc.o
                0x2000512c                hrtc
 .bss.__sbrk_heap_end
                0x2000514c        0x4 ./Core/Src/sysmem.o
 .bss.htim3     0x20005150       0x4c ./Core/Src/tim.o
                0x20005150                htim3
 .bss.huart1    0x2000519c       0x88 ./Core/Src/usart.o
                0x2000519c                huart1
 .bss.ft5336_handle
                0x20005224        0x3 ./Drivers/BSP/Components/ft5336/ft5336.o
 *fill*         0x20005227        0x1 
 .bss.coord.0   0x20005228        0x2 ./Drivers/BSP/Components/ft5336/ft5336.o
 *fill*         0x2000522a        0x2 
 .bss.hI2cAudioHandler
                0x2000522c       0x54 ./Drivers/BSP/STM32746G-Discovery/stm32746g_discovery.o
 .bss.hLtdcHandler
                0x20005280       0xa8 ./Drivers/BSP/STM32746G-Discovery/stm32746g_discovery_lcd.o
                0x20005280                hLtdcHandler
 .bss.hDma2dHandler
                0x20005328       0x40 ./Drivers/BSP/STM32746G-Discovery/stm32746g_discovery_lcd.o
 .bss.ActiveLayer
                0x20005368        0x4 ./Drivers/BSP/STM32746G-Discovery/stm32746g_discovery_lcd.o
 .bss.DrawProp  0x2000536c       0x18 ./Drivers/BSP/STM32746G-Discovery/stm32746g_discovery_lcd.o
 .bss.periph_clk_init_struct.0
                0x20005384       0x84 ./Drivers/BSP/STM32746G-Discovery/stm32746g_discovery_lcd.o
 .bss.sdramHandle
                0x20005408       0x34 ./Drivers/BSP/STM32746G-Discovery/stm32746g_discovery_sdram.o
                0x20005408                sdramHandle
 .bss.Timing    0x2000543c       0x1c ./Drivers/BSP/STM32746G-Discovery/stm32746g_discovery_sdram.o
 .bss.Command   0x20005458       0x10 ./Drivers/BSP/STM32746G-Discovery/stm32746g_discovery_sdram.o
 .bss.dma_handle.1
                0x20005468       0x60 ./Drivers/BSP/STM32746G-Discovery/stm32746g_discovery_sdram.o
 .bss.tsDriver  0x200054c8        0x4 ./Drivers/BSP/STM32746G-Discovery/stm32746g_discovery_ts.o
 .bss.tsXBoundary
                0x200054cc        0x2 ./Drivers/BSP/STM32746G-Discovery/stm32746g_discovery_ts.o
 .bss.tsYBoundary
                0x200054ce        0x2 ./Drivers/BSP/STM32746G-Discovery/stm32746g_discovery_ts.o
 .bss.tsOrientation
                0x200054d0        0x1 ./Drivers/BSP/STM32746G-Discovery/stm32746g_discovery_ts.o
 .bss.I2cAddress
                0x200054d1        0x1 ./Drivers/BSP/STM32746G-Discovery/stm32746g_discovery_ts.o
 *fill*         0x200054d2        0x2 
 .bss._x.1      0x200054d4       0x14 ./Drivers/BSP/STM32746G-Discovery/stm32746g_discovery_ts.o
 .bss._y.0      0x200054e8       0x14 ./Drivers/BSP/STM32746G-Discovery/stm32746g_discovery_ts.o
 .bss.uwTick    0x200054fc        0x4 ./Drivers/STM32F7xx_HAL_Driver/Src/stm32f7xx_hal.o
                0x200054fc                uwTick
 .bss.__sf      0x20005500      0x138 C:/ST/STM32CubeIDE_1.14.1/STM32CubeIDE/plugins/com.st.stm32cube.ide.mcu.externaltools.gnu-tools-for-stm32.12.3.rel1.win32_1.0.200.202406191623/tools/bin/../lib/gcc/arm-none-eabi/12.3.1/../../../../arm-none-eabi/lib/thumb/v7e-m+fp/hard\libc_nano.a(libc_a-findfp.o)
                0x20005500                __sf
 .bss.errno     0x20005638        0x4 C:/ST/STM32CubeIDE_1.14.1/STM32CubeIDE/plugins/com.st.stm32cube.ide.mcu.externaltools.gnu-tools-for-stm32.12.3.rel1.win32_1.0.200.202406191623/tools/bin/../lib/gcc/arm-none-eabi/12.3.1/../../../../arm-none-eabi/lib/thumb/v7e-m+fp/hard\libc_nano.a(libc_a-reent.o)
                0x20005638                errno
 .bss.__lock___malloc_recursive_mutex
                0x2000563c        0x1 C:/ST/STM32CubeIDE_1.14.1/STM32CubeIDE/plugins/com.st.stm32cube.ide.mcu.externaltools.gnu-tools-for-stm32.12.3.rel1.win32_1.0.200.202406191623/tools/bin/../lib/gcc/arm-none-eabi/12.3.1/../../../../arm-none-eabi/lib/thumb/v7e-m+fp/hard\libc_nano.a(libc_a-lock.o)
                0x2000563c                __lock___malloc_recursive_mutex
 *fill*         0x2000563d        0x3 
 .bss.__malloc_sbrk_start
                0x20005640        0x4 C:/ST/STM32CubeIDE_1.14.1/STM32CubeIDE/plugins/com.st.stm32cube.ide.mcu.externaltools.gnu-tools-for-stm32.12.3.rel1.win32_1.0.200.202406191623/tools/bin/../lib/gcc/arm-none-eabi/12.3.1/../../../../arm-none-eabi/lib/thumb/v7e-m+fp/hard\libc_nano.a(libc_a-mallocr.o)
                0x20005640                __malloc_sbrk_start
 .bss.__malloc_free_list
                0x20005644        0x4 C:/ST/STM32CubeIDE_1.14.1/STM32CubeIDE/plugins/com.st.stm32cube.ide.mcu.externaltools.gnu-tools-for-stm32.12.3.rel1.win32_1.0.200.202406191623/tools/bin/../lib/gcc/arm-none-eabi/12.3.1/../../../../arm-none-eabi/lib/thumb/v7e-m+fp/hard\libc_nano.a(libc_a-mallocr.o)
                0x20005644                __malloc_free_list
 *(COMMON)
                0x20005648                        . = ALIGN (0x4)
                0x20005648                        _ebss = .
                0x20005648                        __bss_end__ = _ebss

._user_heap_stack
                0x20005648      0xc00 load address 0x08012fa0
                0x20005648                        . = ALIGN (0x8)
                [!provide]                        PROVIDE (end = .)
                0x20005648                        PROVIDE (_end = .)
                0x20005a48                        . = (. + _Min_Heap_Size)
 *fill*         0x20005648      0x400 
                0x20006248                        . = (. + _Min_Stack_Size)
 *fill*         0x20005a48      0x800 
                0x20006248                        . = ALIGN (0x8)

/DISCARD/
 libc.a(*)
 libm.a(*)
 libgcc.a(*)

.ARM.attributes
                0x00000000       0x30
 *(.ARM.attributes)
 .ARM.attributes
                0x00000000       0x22 C:/ST/STM32CubeIDE_1.14.1/STM32CubeIDE/plugins/com.st.stm32cube.ide.mcu.externaltools.gnu-tools-for-stm32.12.3.rel1.win32_1.0.200.202406191623/tools/bin/../lib/gcc/arm-none-eabi/12.3.1/thumb/v7e-m+fp/hard/crti.o
 .ARM.attributes
                0x00000022       0x34 C:/ST/STM32CubeIDE_1.14.1/STM32CubeIDE/plugins/com.st.stm32cube.ide.mcu.externaltools.gnu-tools-for-stm32.12.3.rel1.win32_1.0.200.202406191623/tools/bin/../lib/gcc/arm-none-eabi/12.3.1/thumb/v7e-m+fp/hard/crtbegin.o
 .ARM.attributes
                0x00000056       0x34 ./Core/Src/dma2d.o
 .ARM.attributes
                0x0000008a       0x34 ./Core/Src/fmc.o
 .ARM.attributes
                0x000000be       0x34 ./Core/Src/gpio.o
 .ARM.attributes
                0x000000f2       0x34 ./Core/Src/i2c.o
 .ARM.attributes
                0x00000126       0x34 ./Core/Src/ltdc.o
 .ARM.attributes
                0x0000015a       0x34 ./Core/Src/main.o
 .ARM.attributes
                0x0000018e       0x34 ./Core/Src/rtc.o
 .ARM.attributes
                0x000001c2       0x34 ./Core/Src/stm32f7xx_hal_msp.o
 .ARM.attributes
                0x000001f6       0x34 ./Core/Src/stm32f7xx_it.o
 .ARM.attributes
                0x0000022a       0x34 ./Core/Src/sysmem.o
 .ARM.attributes
                0x0000025e       0x34 ./Core/Src/system_stm32f7xx.o
 .ARM.attributes
                0x00000292       0x34 ./Core/Src/tim.o
 .ARM.attributes
                0x000002c6       0x34 ./Core/Src/usart.o
 .ARM.attributes
                0x000002fa       0x21 ./Core/Startup/startup_stm32f746nghx.o
 .ARM.attributes
                0x0000031b       0x34 ./Drivers/BSP/Components/ft5336/ft5336.o
 .ARM.attributes
                0x0000034f       0x34 ./Drivers/BSP/STM32746G-Discovery/stm32746g_discovery.o
 .ARM.attributes
                0x00000383       0x34 ./Drivers/BSP/STM32746G-Discovery/stm32746g_discovery_lcd.o
 .ARM.attributes
                0x000003b7       0x34 ./Drivers/BSP/STM32746G-Discovery/stm32746g_discovery_sdram.o
 .ARM.attributes
                0x000003eb       0x34 ./Drivers/BSP/STM32746G-Discovery/stm32746g_discovery_ts.o
 .ARM.attributes
                0x0000041f       0x34 ./Drivers/STM32F7xx_HAL_Driver/Src/stm32f7xx_hal.o
 .ARM.attributes
                0x00000453       0x34 ./Drivers/STM32F7xx_HAL_Driver/Src/stm32f7xx_hal_cortex.o
 .ARM.attributes
                0x00000487       0x34 ./Drivers/STM32F7xx_HAL_Driver/Src/stm32f7xx_hal_dma.o
 .ARM.attributes
                0x000004bb       0x34 ./Drivers/STM32F7xx_HAL_Driver/Src/stm32f7xx_hal_dma2d.o
 .ARM.attributes
                0x000004ef       0x34 ./Drivers/STM32F7xx_HAL_Driver/Src/stm32f7xx_hal_gpio.o
 .ARM.attributes
                0x00000523       0x34 ./Drivers/STM32F7xx_HAL_Driver/Src/stm32f7xx_hal_i2c.o
 .ARM.attributes
                0x00000557       0x34 ./Drivers/STM32F7xx_HAL_Driver/Src/stm32f7xx_hal_i2c_ex.o
 .ARM.attributes
                0x0000058b       0x34 ./Drivers/STM32F7xx_HAL_Driver/Src/stm32f7xx_hal_ltdc.o
 .ARM.attributes
                0x000005bf       0x34 ./Drivers/STM32F7xx_HAL_Driver/Src/stm32f7xx_hal_pwr.o
 .ARM.attributes
                0x000005f3       0x34 ./Drivers/STM32F7xx_HAL_Driver/Src/stm32f7xx_hal_rcc.o
 .ARM.attributes
                0x00000627       0x34 ./Drivers/STM32F7xx_HAL_Driver/Src/stm32f7xx_hal_rcc_ex.o
 .ARM.attributes
                0x0000065b       0x34 ./Drivers/STM32F7xx_HAL_Driver/Src/stm32f7xx_hal_rtc.o
 .ARM.attributes
                0x0000068f       0x34 ./Drivers/STM32F7xx_HAL_Driver/Src/stm32f7xx_hal_rtc_ex.o
 .ARM.attributes
                0x000006c3       0x34 ./Drivers/STM32F7xx_HAL_Driver/Src/stm32f7xx_hal_sdram.o
 .ARM.attributes
                0x000006f7       0x34 ./Drivers/STM32F7xx_HAL_Driver/Src/stm32f7xx_hal_tim.o
 .ARM.attributes
                0x0000072b       0x34 ./Drivers/STM32F7xx_HAL_Driver/Src/stm32f7xx_hal_tim_ex.o
 .ARM.attributes
                0x0000075f       0x34 ./Drivers/STM32F7xx_HAL_Driver/Src/stm32f7xx_hal_uart.o
 .ARM.attributes
                0x00000793       0x34 ./Drivers/STM32F7xx_HAL_Driver/Src/stm32f7xx_ll_fmc.o
 .ARM.attributes
                0x000007c7       0x34 C:/ST/STM32CubeIDE_1.14.1/STM32CubeIDE/plugins/com.st.stm32cube.ide.mcu.externaltools.gnu-tools-for-stm32.12.3.rel1.win32_1.0.200.202406191623/tools/bin/../lib/gcc/arm-none-eabi/12.3.1/../../../../arm-none-eabi/lib/thumb/v7e-m+fp/hard\libc_nano.a(libc_a-findfp.o)
 .ARM.attributes
                0x000007fb       0x34 C:/ST/STM32CubeIDE_1.14.1/STM32CubeIDE/plugins/com.st.stm32cube.ide.mcu.externaltools.gnu-tools-for-stm32.12.3.rel1.win32_1.0.200.202406191623/tools/bin/../lib/gcc/arm-none-eabi/12.3.1/../../../../arm-none-eabi/lib/thumb/v7e-m+fp/hard\libc_nano.a(libc_a-sprintf.o)
 .ARM.attributes
                0x0000082f       0x34 C:/ST/STM32CubeIDE_1.14.1/STM32CubeIDE/plugins/com.st.stm32cube.ide.mcu.externaltools.gnu-tools-for-stm32.12.3.rel1.win32_1.0.200.202406191623/tools/bin/../lib/gcc/arm-none-eabi/12.3.1/../../../../arm-none-eabi/lib/thumb/v7e-m+fp/hard\libc_nano.a(libc_a-memset.o)
 .ARM.attributes
                0x00000863       0x34 C:/ST/STM32CubeIDE_1.14.1/STM32CubeIDE/plugins/com.st.stm32cube.ide.mcu.externaltools.gnu-tools-for-stm32.12.3.rel1.win32_1.0.200.202406191623/tools/bin/../lib/gcc/arm-none-eabi/12.3.1/../../../../arm-none-eabi/lib/thumb/v7e-m+fp/hard\libc_nano.a(libc_a-reent.o)
 .ARM.attributes
                0x00000897       0x34 C:/ST/STM32CubeIDE_1.14.1/STM32CubeIDE/plugins/com.st.stm32cube.ide.mcu.externaltools.gnu-tools-for-stm32.12.3.rel1.win32_1.0.200.202406191623/tools/bin/../lib/gcc/arm-none-eabi/12.3.1/../../../../arm-none-eabi/lib/thumb/v7e-m+fp/hard\libc_nano.a(libc_a-impure.o)
 .ARM.attributes
                0x000008cb       0x34 C:/ST/STM32CubeIDE_1.14.1/STM32CubeIDE/plugins/com.st.stm32cube.ide.mcu.externaltools.gnu-tools-for-stm32.12.3.rel1.win32_1.0.200.202406191623/tools/bin/../lib/gcc/arm-none-eabi/12.3.1/../../../../arm-none-eabi/lib/thumb/v7e-m+fp/hard\libc_nano.a(libc_a-errno.o)
 .ARM.attributes
                0x000008ff       0x34 C:/ST/STM32CubeIDE_1.14.1/STM32CubeIDE/plugins/com.st.stm32cube.ide.mcu.externaltools.gnu-tools-for-stm32.12.3.rel1.win32_1.0.200.202406191623/tools/bin/../lib/gcc/arm-none-eabi/12.3.1/../../../../arm-none-eabi/lib/thumb/v7e-m+fp/hard\libc_nano.a(libc_a-init.o)
 .ARM.attributes
                0x00000933       0x34 C:/ST/STM32CubeIDE_1.14.1/STM32CubeIDE/plugins/com.st.stm32cube.ide.mcu.externaltools.gnu-tools-for-stm32.12.3.rel1.win32_1.0.200.202406191623/tools/bin/../lib/gcc/arm-none-eabi/12.3.1/../../../../arm-none-eabi/lib/thumb/v7e-m+fp/hard\libc_nano.a(libc_a-lock.o)
 .ARM.attributes
                0x00000967       0x34 C:/ST/STM32CubeIDE_1.14.1/STM32CubeIDE/plugins/com.st.stm32cube.ide.mcu.externaltools.gnu-tools-for-stm32.12.3.rel1.win32_1.0.200.202406191623/tools/bin/../lib/gcc/arm-none-eabi/12.3.1/../../../../arm-none-eabi/lib/thumb/v7e-m+fp/hard\libc_nano.a(libc_a-freer.o)
 .ARM.attributes
                0x0000099b       0x34 C:/ST/STM32CubeIDE_1.14.1/STM32CubeIDE/plugins/com.st.stm32cube.ide.mcu.externaltools.gnu-tools-for-stm32.12.3.rel1.win32_1.0.200.202406191623/tools/bin/../lib/gcc/arm-none-eabi/12.3.1/../../../../arm-none-eabi/lib/thumb/v7e-m+fp/hard\libc_nano.a(libc_a-mallocr.o)
 .ARM.attributes
                0x000009cf       0x34 C:/ST/STM32CubeIDE_1.14.1/STM32CubeIDE/plugins/com.st.stm32cube.ide.mcu.externaltools.gnu-tools-for-stm32.12.3.rel1.win32_1.0.200.202406191623/tools/bin/../lib/gcc/arm-none-eabi/12.3.1/../../../../arm-none-eabi/lib/thumb/v7e-m+fp/hard\libc_nano.a(libc_a-mlock.o)
 .ARM.attributes
                0x00000a03       0x34 C:/ST/STM32CubeIDE_1.14.1/STM32CubeIDE/plugins/com.st.stm32cube.ide.mcu.externaltools.gnu-tools-for-stm32.12.3.rel1.win32_1.0.200.202406191623/tools/bin/../lib/gcc/arm-none-eabi/12.3.1/../../../../arm-none-eabi/lib/thumb/v7e-m+fp/hard\libc_nano.a(libc_a-nano-svfprintf.o)
 .ARM.attributes
                0x00000a37       0x34 C:/ST/STM32CubeIDE_1.14.1/STM32CubeIDE/plugins/com.st.stm32cube.ide.mcu.externaltools.gnu-tools-for-stm32.12.3.rel1.win32_1.0.200.202406191623/tools/bin/../lib/gcc/arm-none-eabi/12.3.1/../../../../arm-none-eabi/lib/thumb/v7e-m+fp/hard\libc_nano.a(libc_a-nano-vfprintf_i.o)
 .ARM.attributes
                0x00000a6b       0x34 C:/ST/STM32CubeIDE_1.14.1/STM32CubeIDE/plugins/com.st.stm32cube.ide.mcu.externaltools.gnu-tools-for-stm32.12.3.rel1.win32_1.0.200.202406191623/tools/bin/../lib/gcc/arm-none-eabi/12.3.1/../../../../arm-none-eabi/lib/thumb/v7e-m+fp/hard\libc_nano.a(libc_a-memmove.o)
 .ARM.attributes
                0x00000a9f       0x34 C:/ST/STM32CubeIDE_1.14.1/STM32CubeIDE/plugins/com.st.stm32cube.ide.mcu.externaltools.gnu-tools-for-stm32.12.3.rel1.win32_1.0.200.202406191623/tools/bin/../lib/gcc/arm-none-eabi/12.3.1/../../../../arm-none-eabi/lib/thumb/v7e-m+fp/hard\libc_nano.a(libc_a-sbrkr.o)
 .ARM.attributes
                0x00000ad3       0x1c C:/ST/STM32CubeIDE_1.14.1/STM32CubeIDE/plugins/com.st.stm32cube.ide.mcu.externaltools.gnu-tools-for-stm32.12.3.rel1.win32_1.0.200.202406191623/tools/bin/../lib/gcc/arm-none-eabi/12.3.1/../../../../arm-none-eabi/lib/thumb/v7e-m+fp/hard\libc_nano.a(libc_a-memchr.o)
 .ARM.attributes
                0x00000aef       0x34 C:/ST/STM32CubeIDE_1.14.1/STM32CubeIDE/plugins/com.st.stm32cube.ide.mcu.externaltools.gnu-tools-for-stm32.12.3.rel1.win32_1.0.200.202406191623/tools/bin/../lib/gcc/arm-none-eabi/12.3.1/../../../../arm-none-eabi/lib/thumb/v7e-m+fp/hard\libc_nano.a(libc_a-memcpy-stub.o)
 .ARM.attributes
                0x00000b23       0x34 C:/ST/STM32CubeIDE_1.14.1/STM32CubeIDE/plugins/com.st.stm32cube.ide.mcu.externaltools.gnu-tools-for-stm32.12.3.rel1.win32_1.0.200.202406191623/tools/bin/../lib/gcc/arm-none-eabi/12.3.1/../../../../arm-none-eabi/lib/thumb/v7e-m+fp/hard\libc_nano.a(libc_a-reallocr.o)
 .ARM.attributes
                0x00000b57       0x34 C:/ST/STM32CubeIDE_1.14.1/STM32CubeIDE/plugins/com.st.stm32cube.ide.mcu.externaltools.gnu-tools-for-stm32.12.3.rel1.win32_1.0.200.202406191623/tools/bin/../lib/gcc/arm-none-eabi/12.3.1/../../../../arm-none-eabi/lib/thumb/v7e-m+fp/hard\libc_nano.a(libc_a-msizer.o)
 .ARM.attributes
                0x00000b8b       0x22 C:/ST/STM32CubeIDE_1.14.1/STM32CubeIDE/plugins/com.st.stm32cube.ide.mcu.externaltools.gnu-tools-for-stm32.12.3.rel1.win32_1.0.200.202406191623/tools/bin/../lib/gcc/arm-none-eabi/12.3.1/thumb/v7e-m+fp/hard\libgcc.a(_aeabi_uldivmod.o)
 .ARM.attributes
                0x00000bad       0x34 C:/ST/STM32CubeIDE_1.14.1/STM32CubeIDE/plugins/com.st.stm32cube.ide.mcu.externaltools.gnu-tools-for-stm32.12.3.rel1.win32_1.0.200.202406191623/tools/bin/../lib/gcc/arm-none-eabi/12.3.1/thumb/v7e-m+fp/hard\libgcc.a(_udivmoddi4.o)
 .ARM.attributes
                0x00000be1       0x22 C:/ST/STM32CubeIDE_1.14.1/STM32CubeIDE/plugins/com.st.stm32cube.ide.mcu.externaltools.gnu-tools-for-stm32.12.3.rel1.win32_1.0.200.202406191623/tools/bin/../lib/gcc/arm-none-eabi/12.3.1/thumb/v7e-m+fp/hard\libgcc.a(_dvmd_tls.o)
 .ARM.attributes
                0x00000c03       0x22 C:/ST/STM32CubeIDE_1.14.1/STM32CubeIDE/plugins/com.st.stm32cube.ide.mcu.externaltools.gnu-tools-for-stm32.12.3.rel1.win32_1.0.200.202406191623/tools/bin/../lib/gcc/arm-none-eabi/12.3.1/thumb/v7e-m+fp/hard/crtn.o
OUTPUT(bsp_graphic_f746g.elf elf32-littlearm)
LOAD linker stubs
LOAD C:/ST/STM32CubeIDE_1.14.1/STM32CubeIDE/plugins/com.st.stm32cube.ide.mcu.externaltools.gnu-tools-for-stm32.12.3.rel1.win32_1.0.200.202406191623/tools/bin/../lib/gcc/arm-none-eabi/12.3.1/../../../../arm-none-eabi/lib/thumb/v7e-m+fp/hard\libc.a
LOAD C:/ST/STM32CubeIDE_1.14.1/STM32CubeIDE/plugins/com.st.stm32cube.ide.mcu.externaltools.gnu-tools-for-stm32.12.3.rel1.win32_1.0.200.202406191623/tools/bin/../lib/gcc/arm-none-eabi/12.3.1/../../../../arm-none-eabi/lib/thumb/v7e-m+fp/hard\libm.a
LOAD C:/ST/STM32CubeIDE_1.14.1/STM32CubeIDE/plugins/com.st.stm32cube.ide.mcu.externaltools.gnu-tools-for-stm32.12.3.rel1.win32_1.0.200.202406191623/tools/bin/../lib/gcc/arm-none-eabi/12.3.1/thumb/v7e-m+fp/hard\libgcc.a

.debug_info     0x00000000    0x221d6
 .debug_info    0x00000000      0x613 ./Core/Src/dma2d.o
 .debug_info    0x00000613      0x9b0 ./Core/Src/fmc.o
 .debug_info    0x00000fc3      0x4b2 ./Core/Src/gpio.o
 .debug_info    0x00001475      0xc23 ./Core/Src/i2c.o
 .debug_info    0x00002098      0xb3b ./Core/Src/ltdc.o
 .debug_info    0x00002bd3     0x1d96 ./Core/Src/main.o
 .debug_info    0x00004969      0xcfe ./Core/Src/rtc.o
 .debug_info    0x00005667      0x28d ./Core/Src/stm32f7xx_hal_msp.o
 .debug_info    0x000058f4      0xb24 ./Core/Src/stm32f7xx_it.o
 .debug_info    0x00006418      0x168 ./Core/Src/sysmem.o
 .debug_info    0x00006580      0x6ed ./Core/Src/system_stm32f7xx.o
 .debug_info    0x00006c6d      0xcf5 ./Core/Src/tim.o
 .debug_info    0x00007962      0xc77 ./Core/Src/usart.o
 .debug_info    0x000085d9       0x30 ./Core/Startup/startup_stm32f746nghx.o
 .debug_info    0x00008609      0x5f1 ./Drivers/BSP/Components/ft5336/ft5336.o
 .debug_info    0x00008bfa     0x1b25 ./Drivers/BSP/STM32746G-Discovery/stm32746g_discovery.o
 .debug_info    0x0000a71f     0x250a ./Drivers/BSP/STM32746G-Discovery/stm32746g_discovery_lcd.o
 .debug_info    0x0000cc29     0x1056 ./Drivers/BSP/STM32746G-Discovery/stm32746g_discovery_sdram.o
 .debug_info    0x0000dc7f      0x97d ./Drivers/BSP/STM32746G-Discovery/stm32746g_discovery_ts.o
 .debug_info    0x0000e5fc      0xa4f ./Drivers/STM32F7xx_HAL_Driver/Src/stm32f7xx_hal.o
 .debug_info    0x0000f04b      0xf7e ./Drivers/STM32F7xx_HAL_Driver/Src/stm32f7xx_hal_cortex.o
 .debug_info    0x0000ffc9      0x8e7 ./Drivers/STM32F7xx_HAL_Driver/Src/stm32f7xx_hal_dma.o
 .debug_info    0x000108b0      0xe7a ./Drivers/STM32F7xx_HAL_Driver/Src/stm32f7xx_hal_dma2d.o
 .debug_info    0x0001172a      0x6e7 ./Drivers/STM32F7xx_HAL_Driver/Src/stm32f7xx_hal_gpio.o
 .debug_info    0x00011e11     0x2138 ./Drivers/STM32F7xx_HAL_Driver/Src/stm32f7xx_hal_i2c.o
 .debug_info    0x00013f49      0x922 ./Drivers/STM32F7xx_HAL_Driver/Src/stm32f7xx_hal_i2c_ex.o
 .debug_info    0x0001486b     0x1022 ./Drivers/STM32F7xx_HAL_Driver/Src/stm32f7xx_hal_ltdc.o
 .debug_info    0x0001588d      0x90e ./Drivers/STM32F7xx_HAL_Driver/Src/stm32f7xx_hal_pwr.o
 .debug_info    0x0001619b      0x8dc ./Drivers/STM32F7xx_HAL_Driver/Src/stm32f7xx_hal_rcc.o
 .debug_info    0x00016a77      0x6bd ./Drivers/STM32F7xx_HAL_Driver/Src/stm32f7xx_hal_rcc_ex.o
 .debug_info    0x00017134      0xc8a ./Drivers/STM32F7xx_HAL_Driver/Src/stm32f7xx_hal_rtc.o
 .debug_info    0x00017dbe      0xf75 ./Drivers/STM32F7xx_HAL_Driver/Src/stm32f7xx_hal_rtc_ex.o
 .debug_info    0x00018d33      0xeb4 ./Drivers/STM32F7xx_HAL_Driver/Src/stm32f7xx_hal_sdram.o
 .debug_info    0x00019be7     0x2abd ./Drivers/STM32F7xx_HAL_Driver/Src/stm32f7xx_hal_tim.o
 .debug_info    0x0001c6a4     0x15bb ./Drivers/STM32F7xx_HAL_Driver/Src/stm32f7xx_hal_tim_ex.o
 .debug_info    0x0001dc5f     0x39da ./Drivers/STM32F7xx_HAL_Driver/Src/stm32f7xx_hal_uart.o
 .debug_info    0x00021639      0xb9d ./Drivers/STM32F7xx_HAL_Driver/Src/stm32f7xx_ll_fmc.o

.debug_abbrev   0x00000000     0x4bed
 .debug_abbrev  0x00000000      0x1d9 ./Core/Src/dma2d.o
 .debug_abbrev  0x000001d9      0x23b ./Core/Src/fmc.o
 .debug_abbrev  0x00000414      0x135 ./Core/Src/gpio.o
 .debug_abbrev  0x00000549      0x217 ./Core/Src/i2c.o
 .debug_abbrev  0x00000760      0x1d0 ./Core/Src/ltdc.o
 .debug_abbrev  0x00000930      0x344 ./Core/Src/main.o
 .debug_abbrev  0x00000c74      0x1b3 ./Core/Src/rtc.o
 .debug_abbrev  0x00000e27       0xd8 ./Core/Src/stm32f7xx_hal_msp.o
 .debug_abbrev  0x00000eff      0x194 ./Core/Src/stm32f7xx_it.o
 .debug_abbrev  0x00001093       0xbc ./Core/Src/sysmem.o
 .debug_abbrev  0x0000114f      0x13b ./Core/Src/system_stm32f7xx.o
 .debug_abbrev  0x0000128a      0x1f7 ./Core/Src/tim.o
 .debug_abbrev  0x00001481      0x1f9 ./Core/Src/usart.o
 .debug_abbrev  0x0000167a       0x24 ./Core/Startup/startup_stm32f746nghx.o
 .debug_abbrev  0x0000169e      0x254 ./Drivers/BSP/Components/ft5336/ft5336.o
 .debug_abbrev  0x000018f2      0x306 ./Drivers/BSP/STM32746G-Discovery/stm32746g_discovery.o
 .debug_abbrev  0x00001bf8      0x349 ./Drivers/BSP/STM32746G-Discovery/stm32746g_discovery_lcd.o
 .debug_abbrev  0x00001f41      0x27f ./Drivers/BSP/STM32746G-Discovery/stm32746g_discovery_sdram.o
 .debug_abbrev  0x000021c0      0x271 ./Drivers/BSP/STM32746G-Discovery/stm32746g_discovery_ts.o
 .debug_abbrev  0x00002431      0x213 ./Drivers/STM32F7xx_HAL_Driver/Src/stm32f7xx_hal.o
 .debug_abbrev  0x00002644      0x31e ./Drivers/STM32F7xx_HAL_Driver/Src/stm32f7xx_hal_cortex.o
 .debug_abbrev  0x00002962      0x264 ./Drivers/STM32F7xx_HAL_Driver/Src/stm32f7xx_hal_dma.o
 .debug_abbrev  0x00002bc6      0x23e ./Drivers/STM32F7xx_HAL_Driver/Src/stm32f7xx_hal_dma2d.o
 .debug_abbrev  0x00002e04      0x1d4 ./Drivers/STM32F7xx_HAL_Driver/Src/stm32f7xx_hal_gpio.o
 .debug_abbrev  0x00002fd8      0x260 ./Drivers/STM32F7xx_HAL_Driver/Src/stm32f7xx_hal_i2c.o
 .debug_abbrev  0x00003238      0x19c ./Drivers/STM32F7xx_HAL_Driver/Src/stm32f7xx_hal_i2c_ex.o
 .debug_abbrev  0x000033d4      0x233 ./Drivers/STM32F7xx_HAL_Driver/Src/stm32f7xx_hal_ltdc.o
 .debug_abbrev  0x00003607      0x1c5 ./Drivers/STM32F7xx_HAL_Driver/Src/stm32f7xx_hal_pwr.o
 .debug_abbrev  0x000037cc      0x288 ./Drivers/STM32F7xx_HAL_Driver/Src/stm32f7xx_hal_rcc.o
 .debug_abbrev  0x00003a54      0x1c9 ./Drivers/STM32F7xx_HAL_Driver/Src/stm32f7xx_hal_rcc_ex.o
 .debug_abbrev  0x00003c1d      0x1de ./Drivers/STM32F7xx_HAL_Driver/Src/stm32f7xx_hal_rtc.o
 .debug_abbrev  0x00003dfb      0x225 ./Drivers/STM32F7xx_HAL_Driver/Src/stm32f7xx_hal_rtc_ex.o
 .debug_abbrev  0x00004020      0x240 ./Drivers/STM32F7xx_HAL_Driver/Src/stm32f7xx_hal_sdram.o
 .debug_abbrev  0x00004260      0x278 ./Drivers/STM32F7xx_HAL_Driver/Src/stm32f7xx_hal_tim.o
 .debug_abbrev  0x000044d8      0x283 ./Drivers/STM32F7xx_HAL_Driver/Src/stm32f7xx_hal_tim_ex.o
 .debug_abbrev  0x0000475b      0x2e6 ./Drivers/STM32F7xx_HAL_Driver/Src/stm32f7xx_hal_uart.o
 .debug_abbrev  0x00004a41      0x1ac ./Drivers/STM32F7xx_HAL_Driver/Src/stm32f7xx_ll_fmc.o

.debug_aranges  0x00000000     0x1c88
 .debug_aranges
                0x00000000       0x30 ./Core/Src/dma2d.o
 .debug_aranges
                0x00000030       0x40 ./Core/Src/fmc.o
 .debug_aranges
                0x00000070       0x20 ./Core/Src/gpio.o
 .debug_aranges
                0x00000090       0x30 ./Core/Src/i2c.o
 .debug_aranges
                0x000000c0       0x30 ./Core/Src/ltdc.o
 .debug_aranges
                0x000000f0       0x90 ./Core/Src/main.o
 .debug_aranges
                0x00000180       0x30 ./Core/Src/rtc.o
 .debug_aranges
                0x000001b0       0x20 ./Core/Src/stm32f7xx_hal_msp.o
 .debug_aranges
                0x000001d0       0x70 ./Core/Src/stm32f7xx_it.o
 .debug_aranges
                0x00000240       0x20 ./Core/Src/sysmem.o
 .debug_aranges
                0x00000260       0x28 ./Core/Src/system_stm32f7xx.o
 .debug_aranges
                0x00000288       0x30 ./Core/Src/tim.o
 .debug_aranges
                0x000002b8       0x30 ./Core/Src/usart.o
 .debug_aranges
                0x000002e8       0x28 ./Core/Startup/startup_stm32f746nghx.o
 .debug_aranges
                0x00000310       0x90 ./Drivers/BSP/Components/ft5336/ft5336.o
 .debug_aranges
                0x000003a0      0x128 ./Drivers/BSP/STM32746G-Discovery/stm32746g_discovery.o
 .debug_aranges
                0x000004c8      0x1d8 ./Drivers/BSP/STM32746G-Discovery/stm32746g_discovery_lcd.o
 .debug_aranges
                0x000006a0       0x68 ./Drivers/BSP/STM32746G-Discovery/stm32746g_discovery_sdram.o
 .debug_aranges
                0x00000708       0x58 ./Drivers/BSP/STM32746G-Discovery/stm32746g_discovery_ts.o
 .debug_aranges
                0x00000760      0x100 ./Drivers/STM32F7xx_HAL_Driver/Src/stm32f7xx_hal.o
 .debug_aranges
                0x00000860      0x128 ./Drivers/STM32F7xx_HAL_Driver/Src/stm32f7xx_hal_cortex.o
 .debug_aranges
                0x00000988       0x90 ./Drivers/STM32F7xx_HAL_Driver/Src/stm32f7xx_hal_dma.o
 .debug_aranges
                0x00000a18      0x118 ./Drivers/STM32F7xx_HAL_Driver/Src/stm32f7xx_hal_dma2d.o
 .debug_aranges
                0x00000b30       0x58 ./Drivers/STM32F7xx_HAL_Driver/Src/stm32f7xx_hal_gpio.o
 .debug_aranges
                0x00000b88      0x2a0 ./Drivers/STM32F7xx_HAL_Driver/Src/stm32f7xx_hal_i2c.o
 .debug_aranges
                0x00000e28       0x38 ./Drivers/STM32F7xx_HAL_Driver/Src/stm32f7xx_hal_i2c_ex.o
 .debug_aranges
                0x00000e60      0x158 ./Drivers/STM32F7xx_HAL_Driver/Src/stm32f7xx_hal_ltdc.o
 .debug_aranges