../Core/Src/Nucleo_HumTemp_I2C.c:57:7:linear_interpolation	16	static
../Core/Src/Nucleo_HumTemp_I2C.c:65:6:init_HumTemp	8	static
../Core/Src/Nucleo_HumTemp_I2C.c:94:6:valeur_Hum	24	static
../Core/Src/Nucleo_HumTemp_I2C.c:119:6:valeur_TempH	24	static
../Core/Src/Nucleo_HumTemp_I2C.c:134:7:valeur_TempH_SD	24	static
../Core/Src/Nucleo_HumTemp_I2C.c:158:6:valeur_graph_TempH	16	static
../Core/Src/Nucleo_HumTemp_I2C.c:181:6:value_humidity_graph	16	static
../Core/Src/Nucleo_HumTemp_I2C.c:197:6:valeur_TempH_archive	768	static
../Core/Src/Nucleo_HumTemp_I2C.c:242:16:platform_write_hts221	40	static
../Core/Src/Nucleo_HumTemp_I2C.c:249:16:platform_read_hts221	40	static
../Core/Src/Nucleo_HumTemp_I2C.c:256:13:platform_delay_hts221	16	static
